Archive member included to satisfy reference by file (symbol)

c:/progra~2/gnuarm~1/102021~1.10/bin/../lib/gcc/arm-none-eabi/10.3.1/thumb/v7e-m/nofp\libgcc.a(_aeabi_uldivmod.o)
                              CMakeFiles/FD_CAN_Learn.elf.dir/Drivers/STM32G4xx_HAL_Driver/Src/stm32g4xx_hal_uart.c.obj (__aeabi_uldivmod)
c:/progra~2/gnuarm~1/102021~1.10/bin/../lib/gcc/arm-none-eabi/10.3.1/thumb/v7e-m/nofp\libgcc.a(_udivmoddi4.o)
                              c:/progra~2/gnuarm~1/102021~1.10/bin/../lib/gcc/arm-none-eabi/10.3.1/thumb/v7e-m/nofp\libgcc.a(_aeabi_uldivmod.o) (__udivmoddi4)
c:/progra~2/gnuarm~1/102021~1.10/bin/../lib/gcc/arm-none-eabi/10.3.1/thumb/v7e-m/nofp\libgcc.a(_dvmd_tls.o)
                              c:/progra~2/gnuarm~1/102021~1.10/bin/../lib/gcc/arm-none-eabi/10.3.1/thumb/v7e-m/nofp\libgcc.a(_aeabi_uldivmod.o) (__aeabi_ldiv0)
c:/progra~2/gnuarm~1/102021~1.10/bin/../lib/gcc/arm-none-eabi/10.3.1/../../../../arm-none-eabi/lib/thumb/v7e-m/nofp\libg.a(lib_a-errno.o)
                              CMakeFiles/FD_CAN_Learn.elf.dir/Core/Src/syscalls.c.obj (__errno)
c:/progra~2/gnuarm~1/102021~1.10/bin/../lib/gcc/arm-none-eabi/10.3.1/../../../../arm-none-eabi/lib/thumb/v7e-m/nofp\libg.a(lib_a-exit.o)
                              c:/progra~2/gnuarm~1/102021~1.10/bin/../lib/gcc/arm-none-eabi/10.3.1/../../../../arm-none-eabi/lib/thumb/v7e-m/nofp/crt0.o (exit)
c:/progra~2/gnuarm~1/102021~1.10/bin/../lib/gcc/arm-none-eabi/10.3.1/../../../../arm-none-eabi/lib/thumb/v7e-m/nofp\libg.a(lib_a-impure.o)
                              c:/progra~2/gnuarm~1/102021~1.10/bin/../lib/gcc/arm-none-eabi/10.3.1/../../../../arm-none-eabi/lib/thumb/v7e-m/nofp\libg.a(lib_a-exit.o) (_global_impure_ptr)
c:/progra~2/gnuarm~1/102021~1.10/bin/../lib/gcc/arm-none-eabi/10.3.1/../../../../arm-none-eabi/lib/thumb/v7e-m/nofp\libg.a(lib_a-init.o)
                              c:/progra~2/gnuarm~1/102021~1.10/bin/../lib/gcc/arm-none-eabi/10.3.1/../../../../arm-none-eabi/lib/thumb/v7e-m/nofp/crt0.o (__libc_init_array)
c:/progra~2/gnuarm~1/102021~1.10/bin/../lib/gcc/arm-none-eabi/10.3.1/../../../../arm-none-eabi/lib/thumb/v7e-m/nofp\libg.a(lib_a-memset.o)
                              c:/progra~2/gnuarm~1/102021~1.10/bin/../lib/gcc/arm-none-eabi/10.3.1/../../../../arm-none-eabi/lib/thumb/v7e-m/nofp/crt0.o (memset)
c:/progra~2/gnuarm~1/102021~1.10/bin/../lib/gcc/arm-none-eabi/10.3.1/../../../../arm-none-eabi/lib/thumb/v7e-m/nofp\libg.a(lib_a-printf.o)
                              CMakeFiles/FD_CAN_Learn.elf.dir/User/IRQ.c.obj (printf)
c:/progra~2/gnuarm~1/102021~1.10/bin/../lib/gcc/arm-none-eabi/10.3.1/../../../../arm-none-eabi/lib/thumb/v7e-m/nofp\libg.a(lib_a-setvbuf.o)
                              CMakeFiles/FD_CAN_Learn.elf.dir/User/retarget.c.obj (setvbuf)
c:/progra~2/gnuarm~1/102021~1.10/bin/../lib/gcc/arm-none-eabi/10.3.1/../../../../arm-none-eabi/lib/thumb/v7e-m/nofp\libg.a(lib_a-vfprintf.o)
                              c:/progra~2/gnuarm~1/102021~1.10/bin/../lib/gcc/arm-none-eabi/10.3.1/../../../../arm-none-eabi/lib/thumb/v7e-m/nofp\libg.a(lib_a-printf.o) (_vfprintf_r)
c:/progra~2/gnuarm~1/102021~1.10/bin/../lib/gcc/arm-none-eabi/10.3.1/../../../../arm-none-eabi/lib/thumb/v7e-m/nofp\libg.a(lib_a-wsetup.o)
                              c:/progra~2/gnuarm~1/102021~1.10/bin/../lib/gcc/arm-none-eabi/10.3.1/../../../../arm-none-eabi/lib/thumb/v7e-m/nofp\libg.a(lib_a-vfprintf.o) (__swsetup_r)
c:/progra~2/gnuarm~1/102021~1.10/bin/../lib/gcc/arm-none-eabi/10.3.1/../../../../arm-none-eabi/lib/thumb/v7e-m/nofp\libg.a(lib_a-__call_atexit.o)
                              c:/progra~2/gnuarm~1/102021~1.10/bin/../lib/gcc/arm-none-eabi/10.3.1/../../../../arm-none-eabi/lib/thumb/v7e-m/nofp\libg.a(lib_a-exit.o) (__call_exitprocs)
c:/progra~2/gnuarm~1/102021~1.10/bin/../lib/gcc/arm-none-eabi/10.3.1/../../../../arm-none-eabi/lib/thumb/v7e-m/nofp\libg.a(lib_a-atexit.o)
                              c:/progra~2/gnuarm~1/102021~1.10/bin/../lib/gcc/arm-none-eabi/10.3.1/../../../../arm-none-eabi/lib/thumb/v7e-m/nofp\libg.a(lib_a-__call_atexit.o) (atexit)
c:/progra~2/gnuarm~1/102021~1.10/bin/../lib/gcc/arm-none-eabi/10.3.1/../../../../arm-none-eabi/lib/thumb/v7e-m/nofp\libg.a(lib_a-dtoa.o)
                              c:/progra~2/gnuarm~1/102021~1.10/bin/../lib/gcc/arm-none-eabi/10.3.1/../../../../arm-none-eabi/lib/thumb/v7e-m/nofp\libg.a(lib_a-vfprintf.o) (_dtoa_r)
c:/progra~2/gnuarm~1/102021~1.10/bin/../lib/gcc/arm-none-eabi/10.3.1/../../../../arm-none-eabi/lib/thumb/v7e-m/nofp\libg.a(lib_a-fflush.o)
                              c:/progra~2/gnuarm~1/102021~1.10/bin/../lib/gcc/arm-none-eabi/10.3.1/../../../../arm-none-eabi/lib/thumb/v7e-m/nofp\libg.a(lib_a-setvbuf.o) (_fflush_r)
c:/progra~2/gnuarm~1/102021~1.10/bin/../lib/gcc/arm-none-eabi/10.3.1/../../../../arm-none-eabi/lib/thumb/v7e-m/nofp\libg.a(lib_a-findfp.o)
[...]
Memory Configuration

Name             Origin             Length             Attributes
RAM              0x20000000         0x00020000         xrw
FLASH            0x08000000         0x00080000         xr
*default*        0x00000000         0xffffffff

Linker script and memory map

LOAD c:/progra~2/gnuarm~1/102021~1.10/bin/../lib/gcc/arm-none-eabi/10.3.1/thumb/v7e-m/nofp/crti.o
LOAD c:/progra~2/gnuarm~1/102021~1.10/bin/../lib/gcc/arm-none-eabi/10.3.1/thumb/v7e-m/nofp/crtbegin.o
LOAD c:/progra~2/gnuarm~1/102021~1.10/bin/../lib/gcc/arm-none-eabi/10.3.1/../../../../arm-none-eabi/lib/thumb/v7e-m/nofp/crt0.o
LOAD CMakeFiles/FD_CAN_Learn.elf.dir/BSP/my_fdcan.c.obj
LOAD CMakeFiles/FD_CAN_Learn.elf.dir/Core/Src/fdcan.c.obj
LOAD CMakeFiles/FD_CAN_Learn.elf.dir/Core/Src/gpio.c.obj
LOAD CMakeFiles/FD_CAN_Learn.elf.dir/Core/Src/main.c.obj
LOAD CMakeFiles/FD_CAN_Learn.elf.dir/Core/Src/stm32g4xx_hal_msp.c.obj
LOAD CMakeFiles/FD_CAN_Learn.elf.dir/Core/Src/stm32g4xx_it.c.obj
LOAD CMakeFiles/FD_CAN_Learn.elf.dir/Core/Src/syscalls.c.obj
LOAD CMakeFiles/FD_CAN_Learn.elf.dir/Core/Src/sysmem.c.obj
LOAD CMakeFiles/FD_CAN_Learn.elf.dir/Core/Src/system_stm32g4xx.c.obj
LOAD CMakeFiles/FD_CAN_Learn.elf.dir/Core/Src/usart.c.obj
LOAD CMakeFiles/FD_CAN_Learn.elf.dir/Core/Startup/startup_stm32g474vetx.s.obj
LOAD CMakeFiles/FD_CAN_Learn.elf.dir/Drivers/STM32G4xx_HAL_Driver/Src/stm32g4xx_hal.c.obj
LOAD CMakeFiles/FD_CAN_Learn.elf.dir/Drivers/STM32G4xx_HAL_Driver/Src/stm32g4xx_hal_cortex.c.obj
LOAD CMakeFiles/FD_CAN_Learn.elf.dir/Drivers/STM32G4xx_HAL_Driver/Src/stm32g4xx_hal_dma.c.obj
LOAD CMakeFiles/FD_CAN_Learn.elf.dir/Drivers/STM32G4xx_HAL_Driver/Src/stm32g4xx_hal_dma_ex.c.obj
LOAD CMakeFiles/FD_CAN_Learn.elf.dir/Drivers/STM32G4xx_HAL_Driver/Src/stm32g4xx_hal_exti.c.obj
LOAD CMakeFiles/FD_CAN_Learn.elf.dir/Drivers/STM32G4xx_HAL_Driver/Src/stm32g4xx_hal_fdcan.c.obj
LOAD CMakeFiles/FD_CAN_Learn.elf.dir/Drivers/STM32G4xx_HAL_Driver/Src/stm32g4xx_hal_flash.c.obj
LOAD CMakeFiles/FD_CAN_Learn.elf.dir/Drivers/STM32G4xx_HAL_Driver/Src/stm32g4xx_hal_flash_ex.c.obj
LOAD CMakeFiles/FD_CAN_Learn.elf.dir/Drivers/STM32G4xx_HAL_Driver/Src/stm32g4xx_hal_flash_ramfunc.c.obj
LOAD CMakeFiles/FD_CAN_Learn.elf.dir/Drivers/STM32G4xx_HAL_Driver/Src/stm32g4xx_hal_gpio.c.obj
LOAD CMakeFiles/FD_CAN_Learn.elf.dir/Drivers/STM32G4xx_HAL_Driver/Src/stm32g4xx_hal_pwr.c.obj
LOAD CMakeFiles/FD_CAN_Learn.elf.dir/Drivers/STM32G4xx_HAL_Driver/Src/stm32g4xx_hal_pwr_ex.c.obj
LOAD CMakeFiles/FD_CAN_Learn.elf.dir/Drivers/STM32G4xx_HAL_Driver/Src/stm32g4xx_hal_rcc.c.obj
LOAD CMakeFiles/FD_CAN_Learn.elf.dir/Drivers/STM32G4xx_HAL_Driver/Src/stm32g4xx_hal_rcc_ex.c.obj
LOAD CMakeFiles/FD_CAN_Learn.elf.dir/Drivers/STM32G4xx_HAL_Driver/Src/stm32g4xx_hal_tim.c.obj
LOAD CMakeFiles/FD_CAN_Learn.elf.dir/Drivers/STM32G4xx_HAL_Driver/Src/stm32g4xx_hal_tim_ex.c.obj
LOAD CMakeFiles/FD_CAN_Learn.elf.dir/Drivers/STM32G4xx_HAL_Driver/Src/stm32g4xx_hal_uart.c.obj
LOAD CMakeFiles/FD_CAN_Learn.elf.dir/Drivers/STM32G4xx_HAL_Driver/Src/stm32g4xx_hal_uart_ex.c.obj
LOAD CMakeFiles/FD_CAN_Learn.elf.dir/User/IRQ.c.obj
LOAD CMakeFiles/FD_CAN_Learn.elf.dir/User/Init.c.obj
LOAD CMakeFiles/FD_CAN_Learn.elf.dir/User/retarget.c.obj
START GROUP
LOAD c:/progra~2/gnuarm~1/102021~1.10/bin/../lib/gcc/arm-none-eabi/10.3.1/thumb/v7e-m/nofp\libgcc.a
LOAD c:/progra~2/gnuarm~1/102021~1.10/bin/../lib/gcc/arm-none-eabi/10.3.1/../../../../arm-none-eabi/lib/thumb/v7e-m/nofp\libg.a
LOAD c:/progra~2/gnuarm~1/102021~1.10/bin/../lib/gcc/arm-none-eabi/10.3.1/../../../../arm-none-eabi/lib/thumb/v7e-m/nofp\libc.a
END GROUP
LOAD c:/progra~2/gnuarm~1/102021~1.10/bin/../lib/gcc/arm-none-eabi/10.3.1/thumb/v7e-m/nofp/crtend.o
LOAD c:/progra~2/gnuarm~1/102021~1.10/bin/../lib/gcc/arm-none-eabi/10.3.1/thumb/v7e-m/nofp/crtn.o
                0x20020000                _estack = (ORIGIN (RAM) + LENGTH (RAM))
                0x00000200                _Min_Heap_Size = 0x200
                0x00000400                _Min_Stack_Size = 0x400

.isr_vector     0x08000000      0x1d8
                0x08000000                . = ALIGN (0x4)
 *(.isr_vector)
 .isr_vector    0x08000000      0x1d8 CMakeFiles/FD_CAN_Learn.elf.dir/Core/Startup/startup_stm32g474vetx.s.obj
                0x08000000                g_pfnVectors
                0x080001d8                . = ALIGN (0x4)

.text           0x08000200     0xa278
                0x08000200                . = ALIGN (0x4)
 *(.text)
 .text          0x08000200       0x30 c:/progra~2/gnuarm~1/102021~1.10/bin/../lib/gcc/arm-none-eabi/10.3.1/thumb/v7e-m/nofp\libgcc.a(_aeabi_uldivmod.o)
                0x08000200                __aeabi_uldivmod
 .text          0x08000230      0x2d0 c:/progra~2/gnuarm~1/102021~1.10/bin/../lib/gcc/arm-none-eabi/10.3.1/thumb/v7e-m/nofp\libgcc.a(_udivmoddi4.o)
                0x08000230                __udivmoddi4
 .text          0x08000500        0x4 c:/progra~2/gnuarm~1/102021~1.10/bin/../lib/gcc/arm-none-eabi/10.3.1/thumb/v7e-m/nofp\libgcc.a(_dvmd_tls.o)
                0x08000500                __aeabi_idiv0
                0x08000500                __aeabi_ldiv0
 *fill*         0x08000504        0xc 
 .text          0x08000510       0xa0 c:/progra~2/gnuarm~1/102021~1.10/bin/../lib/gcc/arm-none-eabi/10.3.1/../../../../arm-none-eabi/lib/thumb/v7e-m/nofp\libg.a(lib_a-memchr.o)
                0x08000510                memchr
 .text          0x080005b0      0x134 c:/progra~2/gnuarm~1/102021~1.10/bin/../lib/gcc/arm-none-eabi/10.3.1/../../../../arm-none-eabi/lib/thumb/v7e-m/nofp\libg.a(lib_a-memcpy.o)
                0x080005b0                memcpy
 *fill*         0x080006e4       0x1c 
 .text          0x08000700       0xdc c:/progra~2/gnuarm~1/102021~1.10/bin/../lib/gcc/arm-none-eabi/10.3.1/../../../../arm-none-eabi/lib/thumb/v7e-m/nofp\libg.a(lib_a-strlen.o)
                0x08000700                strlen
 .text          0x080007dc      0x378 c:/progra~2/gnuarm~1/102021~1.10/bin/../lib/gcc/arm-none-eabi/10.3.1/thumb/v7e-m/nofp\libgcc.a(_arm_addsubdf3.o)
                0x080007dc                __aeabi_drsub
                0x080007e4                __aeabi_dsub
                0x080007e4                __subdf3
                0x080007e8                __aeabi_dadd
                0x080007e8                __adddf3
                0x08000a60                __floatunsidf
                0x08000a60                __aeabi_ui2d
                0x08000a80                __floatsidf
                0x08000a80                __aeabi_i2d
                0x08000aa4                __aeabi_f2d
                0x08000aa4                __extendsfdf2
                0x08000ae8                __floatundidf
                0x08000ae8                __aeabi_ul2d
                0x08000af8                __floatdidf
                0x08000af8                __aeabi_l2d
 .text          0x08000b54      0x424 c:/progra~2/gnuarm~1/102021~1.10/bin/../lib/gcc/arm-none-eabi/10.3.1/thumb/v7e-m/nofp\libgcc.a(_arm_muldivdf3.o)
                0x08000b54                __aeabi_dmul
                0x08000b54                __muldf3
                0x08000da8                __divdf3
                0x08000da8                __aeabi_ddiv
 .text          0x08000f78      0x110 c:/progra~2/gnuarm~1/102021~1.10/bin/../lib/gcc/arm-none-eabi/10.3.1/thumb/v7e-m/nofp\libgcc.a(_arm_cmpdf2.o)
                0x08000f78                __gtdf2
                0x08000f78                __gedf2
                0x08000f80                __ltdf2
                0x08000f80                __ledf2
                0x08000f88                __nedf2
                0x08000f88                __eqdf2
                0x08000f88                __cmpdf2
                0x08001004                __aeabi_cdrcmple
                0x08001014                __aeabi_cdcmpeq
                0x08001014                __aeabi_cdcmple
                0x08001024                __aeabi_dcmpeq
                0x08001038                __aeabi_dcmplt
                0x0800104c                __aeabi_dcmple
                0x08001060                __aeabi_dcmpge
                0x08001074                __aeabi_dcmpgt
 .text          0x08001088       0x2c c:/progra~2/gnuarm~1/102021~1.10/bin/../lib/gcc/arm-none-eabi/10.3.1/thumb/v7e-m/nofp\libgcc.a(_arm_unorddf2.o)
                0x08001088                __unorddf2
                0x08001088                __aeabi_dcmpun
 .text          0x080010b4       0x50 c:/progra~2/gnuarm~1/102021~1.10/bin/../lib/gcc/arm-none-eabi/10.3.1/thumb/v7e-m/nofp\libgcc.a(_arm_fixdfsi.o)
                0x080010b4                __aeabi_d2iz
                0x080010b4                __fixdfsi
 *(.text*)
 .text.FDCAN_Init
                0x08001104       0x32 CMakeFiles/FD_CAN_Learn.elf.dir/BSP/my_fdcan.c.obj
                0x08001104                FDCAN_Init
 .text.FDCAN_Filter_Config
                0x08001136       0x4a CMakeFiles/FD_CAN_Learn.elf.dir/BSP/my_fdcan.c.obj
                0x08001136                FDCAN_Filter_Config
 .text.FDCAN_Transmit_Data
                0x08001180       0x38 CMakeFiles/FD_CAN_Learn.elf.dir/BSP/my_fdcan.c.obj
                0x08001180                FDCAN_Transmit_Data
 .text.MX_FDCAN1_Init
                0x080011b8       0x4c CMakeFiles/FD_CAN_Learn.elf.dir/Core/Src/fdcan.c.obj
                0x080011b8                MX_FDCAN1_Init
 .text.HAL_FDCAN_MspInit
                0x08001204       0xb0 CMakeFiles/FD_CAN_Learn.elf.dir/Core/Src/fdcan.c.obj
                0x08001204                HAL_FDCAN_MspInit
 .text.MX_GPIO_Init
                0x080012b4       0x44 CMakeFiles/FD_CAN_Learn.elf.dir/Core/Src/gpio.c.obj
                0x080012b4                MX_GPIO_Init
 .text.Error_Handler
                0x080012f8        0x4 CMakeFiles/FD_CAN_Learn.elf.dir/Core/Src/main.c.obj
                0x080012f8                Error_Handler
 .text.SystemClock_Config
                0x080012fc       0x70 CMakeFiles/FD_CAN_Learn.elf.dir/Core/Src/main.c.obj
                0x080012fc                SystemClock_Config
 .text.main     0x0800136c       0x4c CMakeFiles/FD_CAN_Learn.elf.dir/Core/Src/main.c.obj
                0x0800136c                main
 .text.HAL_MspInit
                0x080013b8       0x38 CMakeFiles/FD_CAN_Learn.elf.dir/Core/Src/stm32g4xx_hal_msp.c.obj
                0x080013b8                HAL_MspInit
 .text.NMI_Handler
                0x080013f0        0x2 CMakeFiles/FD_CAN_Learn.elf.dir/Core/Src/stm32g4xx_it.c.obj
                0x080013f0                NMI_Handler
 .text.HardFault_Handler
                0x080013f2        0x2 CMakeFiles/FD_CAN_Learn.elf.dir/Core/Src/stm32g4xx_it.c.obj
                0x080013f2                HardFault_Handler
 .text.MemManage_Handler
                0x080013f4        0x2 CMakeFiles/FD_CAN_Learn.elf.dir/Core/Src/stm32g4xx_it.c.obj
                0x080013f4                MemManage_Handler
 .text.BusFault_Handler
                0x080013f6        0x2 CMakeFiles/FD_CAN_Learn.elf.dir/Core/Src/stm32g4xx_it.c.obj
                0x080013f6                BusFault_Handler
 .text.UsageFault_Handler
                0x080013f8        0x2 CMakeFiles/FD_CAN_Learn.elf.dir/Core/Src/stm32g4xx_it.c.obj
                0x080013f8                UsageFault_Handler
 .text.SVC_Handler
                0x080013fa        0x2 CMakeFiles/FD_CAN_Learn.elf.dir/Core/Src/stm32g4xx_it.c.obj
                0x080013fa                SVC_Handler
 .text.DebugMon_Handler
                0x080013fc        0x2 CMakeFiles/FD_CAN_Learn.elf.dir/Core/Src/stm32g4xx_it.c.obj
                0x080013fc                DebugMon_Handler
 .text.PendSV_Handler
                0x080013fe        0x2 CMakeFiles/FD_CAN_Learn.elf.dir/Core/Src/stm32g4xx_it.c.obj
                0x080013fe                PendSV_Handler
 .text.SysTick_Handler
                0x08001400        0x8 CMakeFiles/FD_CAN_Learn.elf.dir/Core/Src/stm32g4xx_it.c.obj
                0x08001400                SysTick_Handler
 .text.FDCAN1_IT0_IRQHandler
                0x08001408       0x10 CMakeFiles/FD_CAN_Learn.elf.dir/Core/Src/stm32g4xx_it.c.obj
                0x08001408                FDCAN1_IT0_IRQHandler
 .text.FDCAN1_IT1_IRQHandler
                0x08001418       0x10 CMakeFiles/FD_CAN_Learn.elf.dir/Core/Src/stm32g4xx_it.c.obj
                0x08001418                FDCAN1_IT1_IRQHandler
 .text.USART1_IRQHandler
                0x08001428       0x10 CMakeFiles/FD_CAN_Learn.elf.dir/Core/Src/stm32g4xx_it.c.obj
                0x08001428                USART1_IRQHandler
 .text._getpid  0x08001438        0x4 CMakeFiles/FD_CAN_Learn.elf.dir/Core/Src/syscalls.c.obj
                0x08001438                _getpid
 .text._kill    0x0800143c       0x10 CMakeFiles/FD_CAN_Learn.elf.dir/Core/Src/syscalls.c.obj
                0x0800143c                _kill
 .text._exit    0x0800144c        0xc CMakeFiles/FD_CAN_Learn.elf.dir/Core/Src/syscalls.c.obj
                0x0800144c                _exit
 .text._sbrk    0x08001458       0x48 CMakeFiles/FD_CAN_Learn.elf.dir/Core/Src/sysmem.c.obj
                0x08001458                _sbrk
 .text.SystemInit
                0x080014a0        0x2 CMakeFiles/FD_CAN_Learn.elf.dir/Core/Src/system_stm32g4xx.c.obj
                0x080014a0                SystemInit
 *fill*         0x080014a2        0x2 
 .text.MX_USART1_UART_Init
                0x080014a4       0x68 CMakeFiles/FD_CAN_Learn.elf.dir/Core/Src/usart.c.obj
                0x080014a4                MX_USART1_UART_Init
 .text.HAL_UART_MspInit
                0x0800150c       0x98 CMakeFiles/FD_CAN_Learn.elf.dir/Core/Src/usart.c.obj
                0x0800150c                HAL_UART_MspInit
 .text.Reset_Handler
                0x080015a4       0x50 CMakeFiles/FD_CAN_Learn.elf.dir/Core/Startup/startup_stm32g474vetx.s.obj
                0x080015a4                Reset_Handler
 .text.Default_Handler
                0x080015f4        0x2 CMakeFiles/FD_CAN_Learn.elf.dir/Core/Startup/startup_stm32g474vetx.s.obj
                0x080015f4                RTC_Alarm_IRQHandler
                0x080015f4                EXTI2_IRQHandler
                0x080015f4                TIM8_TRG_COM_IRQHandler
                0x080015f4                TIM8_CC_IRQHandler
                0x080015f4                HRTIM1_Master_IRQHandler
                0x080015f4                SPI4_IRQHandler
                0x080015f4                FDCAN3_IT0_IRQHandler
                0x080015f4                TIM1_CC_IRQHandler
                0x080015f4                HRTIM1_FLT_IRQHandler
                0x080015f4                HRTIM1_TIMF_IRQHandler
                0x080015f4                USB_HP_IRQHandler
                0x080015f4                CORDIC_IRQHandler
                0x080015f4                HRTIM1_TIMD_IRQHandler
                0x080015f4                DMA2_Channel8_IRQHandler
                0x080015f4                EXTI3_IRQHandler
                0x080015f4                I2C3_ER_IRQHandler
                0x080015f4                EXTI0_IRQHandler
                0x080015f4                I2C2_EV_IRQHandler
                0x080015f4                FPU_IRQHandler
                0x080015f4                TIM1_UP_TIM16_IRQHandler
                0x080015f4                ADC1_2_IRQHandler
                0x080015f4                HRTIM1_TIME_IRQHandler
                0x080015f4                SPI1_IRQHandler
                0x080015f4                TIM6_DAC_IRQHandler
                0x080015f4                HRTIM1_TIMC_IRQHandler
                0x080015f4                TIM8_UP_IRQHandler
                0x080015f4                DMA2_Channel2_IRQHandler
                0x080015f4                DMA1_Channel4_IRQHandler
                0x080015f4                TIM20_TRG_COM_IRQHandler
                0x080015f4                USART3_IRQHandler
                0x080015f4                DMA1_Channel7_IRQHandler
                0x080015f4                UART5_IRQHandler
                0x080015f4                ADC3_IRQHandler
                0x080015f4                TIM4_IRQHandler
                0x080015f4                DMA2_Channel1_IRQHandler
                0x080015f4                QUADSPI_IRQHandler
                0x080015f4                I2C1_EV_IRQHandler
                0x080015f4                DMA1_Channel6_IRQHandler
                0x080015f4                UART4_IRQHandler
                0x080015f4                DMA2_Channel4_IRQHandler
                0x080015f4                TIM3_IRQHandler
                0x080015f4                RCC_IRQHandler
                0x080015f4                TIM20_UP_IRQHandler
                0x080015f4                DMA1_Channel1_IRQHandler
                0x080015f4                Default_Handler
                0x080015f4                DMA2_Channel7_IRQHandler
                0x080015f4                RTC_TAMP_LSECSS_IRQHandler
                0x080015f4                FMAC_IRQHandler
                0x080015f4                EXTI15_10_IRQHandler
                0x080015f4                DMA1_Channel8_IRQHandler
                0x080015f4                HRTIM1_TIMA_IRQHandler
                0x080015f4                TIM7_DAC_IRQHandler
                0x080015f4                FDCAN3_IT1_IRQHandler
                0x080015f4                TIM5_IRQHandler
                0x080015f4                UCPD1_IRQHandler
                0x080015f4                I2C3_EV_IRQHandler
                0x080015f4                EXTI9_5_IRQHandler
                0x080015f4                RTC_WKUP_IRQHandler
                0x080015f4                PVD_PVM_IRQHandler
                0x080015f4                SPI2_IRQHandler
                0x080015f4                ADC5_IRQHandler
                0x080015f4                DMA2_Channel5_IRQHandler
                0x080015f4                CRS_IRQHandler
                0x080015f4                DMA1_Channel5_IRQHandler
                0x080015f4                USB_LP_IRQHandler
                0x080015f4                EXTI4_IRQHandler
                0x080015f4                RNG_IRQHandler
                0x080015f4                HRTIM1_TIMB_IRQHandler
                0x080015f4                TIM1_TRG_COM_TIM17_IRQHandler
                0x080015f4                FDCAN2_IT1_IRQHandler
                0x080015f4                DMA1_Channel3_IRQHandler
                0x080015f4                ADC4_IRQHandler
                0x080015f4                WWDG_IRQHandler
                0x080015f4                I2C4_EV_IRQHandler
                0x080015f4                FDCAN2_IT0_IRQHandler
                0x080015f4                LPUART1_IRQHandler
                0x080015f4                DMA2_Channel6_IRQHandler
                0x080015f4                TIM2_IRQHandler
                0x080015f4                COMP7_IRQHandler
                0x080015f4                COMP1_2_3_IRQHandler
                0x080015f4                EXTI1_IRQHandler
                0x080015f4                USART2_IRQHandler
                0x080015f4                COMP4_5_6_IRQHandler
                0x080015f4                TIM20_BRK_IRQHandler
                0x080015f4                I2C2_ER_IRQHandler
                0x080015f4                DMA1_Channel2_IRQHandler
                0x080015f4                TIM8_BRK_IRQHandler
                0x080015f4                FLASH_IRQHandler
                0x080015f4                TIM20_CC_IRQHandler
                0x080015f4                SPI3_IRQHandler
                0x080015f4                I2C1_ER_IRQHandler
                0x080015f4                FMC_IRQHandler
                0x080015f4                LPTIM1_IRQHandler
                0x080015f4                DMAMUX_OVR_IRQHandler
                0x080015f4                I2C4_ER_IRQHandler
                0x080015f4                USBWakeUp_IRQHandler
                0x080015f4                SAI1_IRQHandler
                0x080015f4                DMA2_Channel3_IRQHandler
                0x080015f4                TIM1_BRK_TIM15_IRQHandler
 *fill*         0x080015f6        0x2 
 .text.HAL_InitTick
                0x080015f8       0x50 CMakeFiles/FD_CAN_Learn.elf.dir/Drivers/STM32G4xx_HAL_Driver/Src/stm32g4xx_hal.c.obj
                0x080015f8                HAL_InitTick
 .text.HAL_Init
                0x08001648       0x1e CMakeFiles/FD_CAN_Learn.elf.dir/Drivers/STM32G4xx_HAL_Driver/Src/stm32g4xx_hal.c.obj
                0x08001648                HAL_Init
 *fill*         0x08001666        0x2 
 .text.HAL_IncTick
                0x08001668       0x18 CMakeFiles/FD_CAN_Learn.elf.dir/Drivers/STM32G4xx_HAL_Driver/Src/stm32g4xx_hal.c.obj
                0x08001668                HAL_IncTick
 .text.HAL_GetTick
                0x08001680        0xc CMakeFiles/FD_CAN_Learn.elf.dir/Drivers/STM32G4xx_HAL_Driver/Src/stm32g4xx_hal.c.obj
                0x08001680                HAL_GetTick
 .text.HAL_Delay
                0x0800168c       0x28 CMakeFiles/FD_CAN_Learn.elf.dir/Drivers/STM32G4xx_HAL_Driver/Src/stm32g4xx_hal.c.obj
                0x0800168c                HAL_Delay
 .text.HAL_NVIC_SetPriorityGrouping
                0x080016b4       0x24 CMakeFiles/FD_CAN_Learn.elf.dir/Drivers/STM32G4xx_HAL_Driver/Src/stm32g4xx_hal_cortex.c.obj
                0x080016b4                HAL_NVIC_SetPriorityGrouping
 .text.HAL_NVIC_SetPriority
                0x080016d8       0x70 CMakeFiles/FD_CAN_Learn.elf.dir/Drivers/STM32G4xx_HAL_Driver/Src/stm32g4xx_hal_cortex.c.obj
                0x080016d8                HAL_NVIC_SetPriority
 .text.HAL_NVIC_EnableIRQ
                0x08001748       0x1c CMakeFiles/FD_CAN_Learn.elf.dir/Drivers/STM32G4xx_HAL_Driver/Src/stm32g4xx_hal_cortex.c.obj
                0x08001748                HAL_NVIC_EnableIRQ
 .text.HAL_SYSTICK_Config
                0x08001764       0x28 CMakeFiles/FD_CAN_Learn.elf.dir/Drivers/STM32G4xx_HAL_Driver/Src/stm32g4xx_hal_cortex.c.obj
                0x08001764                HAL_SYSTICK_Config
 .text.HAL_DMA_Abort
                0x0800178c       0x6c CMakeFiles/FD_CAN_Learn.elf.dir/Drivers/STM32G4xx_HAL_Driver/Src/stm32g4xx_hal_dma.c.obj
                0x0800178c                HAL_DMA_Abort
 .text.HAL_DMA_Abort_IT
                0x080017f8       0x7e CMakeFiles/FD_CAN_Learn.elf.dir/Drivers/STM32G4xx_HAL_Driver/Src/stm32g4xx_hal_dma.c.obj
                0x080017f8                HAL_DMA_Abort_IT
 *fill*         0x08001876        0x2 
 .text.FDCAN_CalcultateRamBlockAddresses
                0x08001878       0x88 CMakeFiles/FD_CAN_Learn.elf.dir/Drivers/STM32G4xx_HAL_Driver/Src/stm32g4xx_hal_fdcan.c.obj
 .text.FDCAN_CopyMessageToRAM
                0x08001900       0x88 CMakeFiles/FD_CAN_Learn.elf.dir/Drivers/STM32G4xx_HAL_Driver/Src/stm32g4xx_hal_fdcan.c.obj
 .text.HAL_FDCAN_Init
                0x08001988      0x1d4 CMakeFiles/FD_CAN_Learn.elf.dir/Drivers/STM32G4xx_HAL_Driver/Src/stm32g4xx_hal_fdcan.c.obj
                0x08001988                HAL_FDCAN_Init
 .text.HAL_FDCAN_ConfigFilter
                0x08001b5c       0x60 CMakeFiles/FD_CAN_Learn.elf.dir/Drivers/STM32G4xx_HAL_Driver/Src/stm32g4xx_hal_fdcan.c.obj
                0x08001b5c                HAL_FDCAN_ConfigFilter
 .text.HAL_FDCAN_Start
                0x08001bbc       0x2e CMakeFiles/FD_CAN_Learn.elf.dir/Drivers/STM32G4xx_HAL_Driver/Src/stm32g4xx_hal_fdcan.c.obj
                0x08001bbc                HAL_FDCAN_Start
 .text.HAL_FDCAN_AddMessageToTxFifoQ
                0x08001bea       0x52 CMakeFiles/FD_CAN_Learn.elf.dir/Drivers/STM32G4xx_HAL_Driver/Src/stm32g4xx_hal_fdcan.c.obj
                0x08001bea                HAL_FDCAN_AddMessageToTxFifoQ
 .text.HAL_FDCAN_GetRxMessage
                0x08001c3c      0x164 CMakeFiles/FD_CAN_Learn.elf.dir/Drivers/STM32G4xx_HAL_Driver/Src/stm32g4xx_hal_fdcan.c.obj
                0x08001c3c                HAL_FDCAN_GetRxMessage
 .text.HAL_FDCAN_ActivateNotification
                0x08001da0      0x106 CMakeFiles/FD_CAN_Learn.elf.dir/Drivers/STM32G4xx_HAL_Driver/Src/stm32g4xx_hal_fdcan.c.obj
                0x08001da0                HAL_FDCAN_ActivateNotification
 .text.HAL_FDCAN_TxEventFifoCallback
                0x08001ea6        0x2 CMakeFiles/FD_CAN_Learn.elf.dir/Drivers/STM32G4xx_HAL_Driver/Src/stm32g4xx_hal_fdcan.c.obj
                0x08001ea6                HAL_FDCAN_TxEventFifoCallback
 .text.HAL_FDCAN_TxFifoEmptyCallback
                0x08001ea8        0x2 CMakeFiles/FD_CAN_Learn.elf.dir/Drivers/STM32G4xx_HAL_Driver/Src/stm32g4xx_hal_fdcan.c.obj
                0x08001ea8                HAL_FDCAN_TxFifoEmptyCallback
 .text.HAL_FDCAN_TxBufferCompleteCallback
                0x08001eaa        0x2 CMakeFiles/FD_CAN_Learn.elf.dir/Drivers/STM32G4xx_HAL_Driver/Src/stm32g4xx_hal_fdcan.c.obj
                0x08001eaa                HAL_FDCAN_TxBufferCompleteCallback
 .text.HAL_FDCAN_TxBufferAbortCallback
                0x08001eac        0x2 CMakeFiles/FD_CAN_Learn.elf.dir/Drivers/STM32G4xx_HAL_Driver/Src/stm32g4xx_hal_fdcan.c.obj
                0x08001eac                HAL_FDCAN_TxBufferAbortCallback
 .text.HAL_FDCAN_TimestampWraparoundCallback
                0x08001eae        0x2 CMakeFiles/FD_CAN_Learn.elf.dir/Drivers/STM32G4xx_HAL_Driver/Src/stm32g4xx_hal_fdcan.c.obj
                0x08001eae                HAL_FDCAN_TimestampWraparoundCallback
 .text.HAL_FDCAN_TimeoutOccurredCallback
                0x08001eb0        0x2 CMakeFiles/FD_CAN_Learn.elf.dir/Drivers/STM32G4xx_HAL_Driver/Src/stm32g4xx_hal_fdcan.c.obj
                0x08001eb0                HAL_FDCAN_TimeoutOccurredCallback
 .text.HAL_FDCAN_HighPriorityMessageCallback
                0x08001eb2        0x2 CMakeFiles/FD_CAN_Learn.elf.dir/Drivers/STM32G4xx_HAL_Driver/Src/stm32g4xx_hal_fdcan.c.obj
                0x08001eb2                HAL_FDCAN_HighPriorityMessageCallback
 .text.HAL_FDCAN_ErrorCallback
                0x08001eb4        0x2 CMakeFiles/FD_CAN_Learn.elf.dir/Drivers/STM32G4xx_HAL_Driver/Src/stm32g4xx_hal_fdcan.c.obj
                0x08001eb4                HAL_FDCAN_ErrorCallback
 .text.HAL_FDCAN_ErrorStatusCallback
                0x08001eb6        0x2 CMakeFiles/FD_CAN_Learn.elf.dir/Drivers/STM32G4xx_HAL_Driver/Src/stm32g4xx_hal_fdcan.c.obj
                0x08001eb6                HAL_FDCAN_ErrorStatusCallback
 .text.HAL_FDCAN_IRQHandler
                0x08001eb8      0x188 CMakeFiles/FD_CAN_Learn.elf.dir/Drivers/STM32G4xx_HAL_Driver/Src/stm32g4xx_hal_fdcan.c.obj
                0x08001eb8                HAL_FDCAN_IRQHandler
 .text.HAL_GPIO_Init
                0x08002040      0x1dc CMakeFiles/FD_CAN_Learn.elf.dir/Drivers/STM32G4xx_HAL_Driver/Src/stm32g4xx_hal_gpio.c.obj
                0x08002040                HAL_GPIO_Init
 .text.HAL_PWREx_ControlVoltageScaling
                0x0800221c      0x10c CMakeFiles/FD_CAN_Learn.elf.dir/Drivers/STM32G4xx_HAL_Driver/Src/stm32g4xx_hal_pwr_ex.c.obj
                0x0800221c                HAL_PWREx_ControlVoltageScaling
 .text.HAL_PWREx_DisableUCPDDeadBattery
                0x08002328       0x10 CMakeFiles/FD_CAN_Learn.elf.dir/Drivers/STM32G4xx_HAL_Driver/Src/stm32g4xx_hal_pwr_ex.c.obj
                0x08002328                HAL_PWREx_DisableUCPDDeadBattery
 .text.RCC_GetSysClockFreqFromPLLSource
                0x08002338       0x58 CMakeFiles/FD_CAN_Learn.elf.dir/Drivers/STM32G4xx_HAL_Driver/Src/stm32g4xx_hal_rcc.c.obj
 .text.HAL_RCC_OscConfig
                0x08002390      0x4e4 CMakeFiles/FD_CAN_Learn.elf.dir/Drivers/STM32G4xx_HAL_Driver/Src/stm32g4xx_hal_rcc.c.obj
                0x08002390                HAL_RCC_OscConfig
 .text.HAL_RCC_GetSysClockFreq
                0x08002874       0x88 CMakeFiles/FD_CAN_Learn.elf.dir/Drivers/STM32G4xx_HAL_Driver/Src/stm32g4xx_hal_rcc.c.obj
                0x08002874                HAL_RCC_GetSysClockFreq
 .text.HAL_RCC_ClockConfig
                0x080028fc      0x1f8 CMakeFiles/FD_CAN_Learn.elf.dir/Drivers/STM32G4xx_HAL_Driver/Src/stm32g4xx_hal_rcc.c.obj
                0x080028fc                HAL_RCC_ClockConfig
 .text.HAL_RCC_GetHCLKFreq
                0x08002af4        0xc CMakeFiles/FD_CAN_Learn.elf.dir/Drivers/STM32G4xx_HAL_Driver/Src/stm32g4xx_hal_rcc.c.obj
                0x08002af4                HAL_RCC_GetHCLKFreq
 .text.HAL_RCC_GetPCLK1Freq
                0x08002b00       0x24 CMakeFiles/FD_CAN_Learn.elf.dir/Drivers/STM32G4xx_HAL_Driver/Src/stm32g4xx_hal_rcc.c.obj
                0x08002b00                HAL_RCC_GetPCLK1Freq
 .text.HAL_RCC_GetPCLK2Freq
                0x08002b24       0x24 CMakeFiles/FD_CAN_Learn.elf.dir/Drivers/STM32G4xx_HAL_Driver/Src/stm32g4xx_hal_rcc.c.obj
                0x08002b24                HAL_RCC_GetPCLK2Freq
 .text.HAL_RCCEx_PeriphCLKConfig
                0x08002b48      0x378 CMakeFiles/FD_CAN_Learn.elf.dir/Drivers/STM32G4xx_HAL_Driver/Src/stm32g4xx_hal_rcc_ex.c.obj
                0x08002b48                HAL_RCCEx_PeriphCLKConfig
 .text.UART_EndRxTransfer
                0x08002ec0       0x56 CMakeFiles/FD_CAN_Learn.elf.dir/Drivers/STM32G4xx_HAL_Driver/Src/stm32g4xx_hal_uart.c.obj
 .text.HAL_UART_TxCpltCallback
                0x08002f16        0x2 CMakeFiles/FD_CAN_Learn.elf.dir/Drivers/STM32G4xx_HAL_Driver/Src/stm32g4xx_hal_uart.c.obj
                0x08002f16                HAL_UART_TxCpltCallback
 .text.UART_EndTransmit_IT
                0x08002f18       0x24 CMakeFiles/FD_CAN_Learn.elf.dir/Drivers/STM32G4xx_HAL_Driver/Src/stm32g4xx_hal_uart.c.obj
 .text.HAL_UART_RxCpltCallback
                0x08002f3c        0x2 CMakeFiles/FD_CAN_Learn.elf.dir/Drivers/STM32G4xx_HAL_Driver/Src/stm32g4xx_hal_uart.c.obj
                0x08002f3c                HAL_UART_RxCpltCallback
 .text.HAL_UART_ErrorCallback
                0x08002f3e        0x2 CMakeFiles/FD_CAN_Learn.elf.dir/Drivers/STM32G4xx_HAL_Driver/Src/stm32g4xx_hal_uart.c.obj
                0x08002f3e                HAL_UART_ErrorCallback
 .text.UART_DMAAbortOnError
                0x08002f40       0x14 CMakeFiles/FD_CAN_Learn.elf.dir/Drivers/STM32G4xx_HAL_Driver/Src/stm32g4xx_hal_uart.c.obj
 .text.HAL_UARTEx_RxEventCallback
                0x08002f54        0x2 CMakeFiles/FD_CAN_Learn.elf.dir/Drivers/STM32G4xx_HAL_Driver/Src/stm32g4xx_hal_uart.c.obj
                0x08002f54                HAL_UARTEx_RxEventCallback
 *fill*         0x08002f56        0x2 
 .text.HAL_UART_IRQHandler
                0x08002f58      0x364 CMakeFiles/FD_CAN_Learn.elf.dir/Drivers/STM32G4xx_HAL_Driver/Src/stm32g4xx_hal_uart.c.obj
                0x08002f58                HAL_UART_IRQHandler
 .text.UART_RxISR_8BIT
                0x080032bc       0xdc CMakeFiles/FD_CAN_Learn.elf.dir/Drivers/STM32G4xx_HAL_Driver/Src/stm32g4xx_hal_uart.c.obj
 .text.UART_RxISR_16BIT
                0x08003398       0xd8 CMakeFiles/FD_CAN_Learn.elf.dir/Drivers/STM32G4xx_HAL_Driver/Src/stm32g4xx_hal_uart.c.obj
 .text.UART_RxISR_8BIT_FIFOEN
                0x08003470      0x1c8 CMakeFiles/FD_CAN_Learn.elf.dir/Drivers/STM32G4xx_HAL_Driver/Src/stm32g4xx_hal_uart.c.obj
 .text.UART_RxISR_16BIT_FIFOEN
                0x08003638      0x1c8 CMakeFiles/FD_CAN_Learn.elf.dir/Drivers/STM32G4xx_HAL_Driver/Src/stm32g4xx_hal_uart.c.obj
 .text.UART_SetConfig
                0x08003800      0x388 CMakeFiles/FD_CAN_Learn.elf.dir/Drivers/STM32G4xx_HAL_Driver/Src/stm32g4xx_hal_uart.c.obj
                0x08003800                UART_SetConfig
 .text.UART_AdvFeatureConfig
                0x08003b88       0xca CMakeFiles/FD_CAN_Learn.elf.dir/Drivers/STM32G4xx_HAL_Driver/Src/stm32g4xx_hal_uart.c.obj
                0x08003b88                UART_AdvFeatureConfig
 .text.UART_WaitOnFlagUntilTimeout
                0x08003c52       0xa2 CMakeFiles/FD_CAN_Learn.elf.dir/Drivers/STM32G4xx_HAL_Driver/Src/stm32g4xx_hal_uart.c.obj
                0x08003c52                UART_WaitOnFlagUntilTimeout
 .text.HAL_UART_Transmit
                0x08003cf4       0xd2 CMakeFiles/FD_CAN_Learn.elf.dir/Drivers/STM32G4xx_HAL_Driver/Src/stm32g4xx_hal_uart.c.obj
                0x08003cf4                HAL_UART_Transmit
 .text.HAL_UART_Receive
                0x08003dc6      0x118 CMakeFiles/FD_CAN_Learn.elf.dir/Drivers/STM32G4xx_HAL_Driver/Src/stm32g4xx_hal_uart.c.obj
                0x08003dc6                HAL_UART_Receive
 .text.UART_CheckIdleState
                0x08003ede       0xca CMakeFiles/FD_CAN_Learn.elf.dir/Drivers/STM32G4xx_HAL_Driver/Src/stm32g4xx_hal_uart.c.obj
                0x08003ede                UART_CheckIdleState
 .text.HAL_UART_Init
                0x08003fa8       0x66 CMakeFiles/FD_CAN_Learn.elf.dir/Drivers/STM32G4xx_HAL_Driver/Src/stm32g4xx_hal_uart.c.obj
                0x08003fa8                HAL_UART_Init
 *fill*         0x0800400e        0x2 
 .text.UART_Start_Receive_IT
                0x08004010      0x13c CMakeFiles/FD_CAN_Learn.elf.dir/Drivers/STM32G4xx_HAL_Driver/Src/stm32g4xx_hal_uart.c.obj
                0x08004010                UART_Start_Receive_IT
 .text.HAL_UART_Receive_IT
                0x0800414c       0x4c CMakeFiles/FD_CAN_Learn.elf.dir/Drivers/STM32G4xx_HAL_Driver/Src/stm32g4xx_hal_uart.c.obj
                0x0800414c                HAL_UART_Receive_IT
 .text.UARTEx_SetNbDataToProcess
                0x08004198       0x4c CMakeFiles/FD_CAN_Learn.elf.dir/Drivers/STM32G4xx_HAL_Driver/Src/stm32g4xx_hal_uart_ex.c.obj
 .text.HAL_UARTEx_WakeupCallback
                0x080041e4        0x2 CMakeFiles/FD_CAN_Learn.elf.dir/Drivers/STM32G4xx_HAL_Driver/Src/stm32g4xx_hal_uart_ex.c.obj
                0x080041e4                HAL_UARTEx_WakeupCallback
 .text.HAL_UARTEx_RxFifoFullCallback
                0x080041e6        0x2 CMakeFiles/FD_CAN_Learn.elf.dir/Drivers/STM32G4xx_HAL_Driver/Src/stm32g4xx_hal_uart_ex.c.obj
                0x080041e6                HAL_UARTEx_RxFifoFullCallback
 .text.HAL_UARTEx_TxFifoEmptyCallback
                0x080041e8        0x2 CMakeFiles/FD_CAN_Learn.elf.dir/Drivers/STM32G4xx_HAL_Driver/Src/stm32g4xx_hal_uart_ex.c.obj
                0x080041e8                HAL_UARTEx_TxFifoEmptyCallback
 .text.HAL_UARTEx_DisableFifoMode
                0x080041ea       0x3e CMakeFiles/FD_CAN_Learn.elf.dir/Drivers/STM32G4xx_HAL_Driver/Src/stm32g4xx_hal_uart_ex.c.obj
                0x080041ea                HAL_UARTEx_DisableFifoMode
 .text.HAL_UARTEx_SetTxFifoThreshold
                0x08004228       0x4a CMakeFiles/FD_CAN_Learn.elf.dir/Drivers/STM32G4xx_HAL_Driver/Src/stm32g4xx_hal_uart_ex.c.obj
                0x08004228                HAL_UARTEx_SetTxFifoThreshold
 .text.HAL_UARTEx_SetRxFifoThreshold
                0x08004272       0x4a CMakeFiles/FD_CAN_Learn.elf.dir/Drivers/STM32G4xx_HAL_Driver/Src/stm32g4xx_hal_uart_ex.c.obj
                0x08004272                HAL_UARTEx_SetRxFifoThreshold
 .text.HAL_FDCAN_RxFifo0Callback
                0x080042bc       0x34 CMakeFiles/FD_CAN_Learn.elf.dir/User/IRQ.c.obj
                0x080042bc                HAL_FDCAN_RxFifo0Callback
 .text.HAL_FDCAN_RxFifo1Callback
                0x080042f0       0x24 CMakeFiles/FD_CAN_Learn.elf.dir/User/IRQ.c.obj
                0x080042f0                HAL_FDCAN_RxFifo1Callback
 .text.my_Init  0x08004314       0x3c CMakeFiles/FD_CAN_Learn.elf.dir/User/Init.c.obj
                0x08004314                my_Init
 .text.RetargetInit
                0x08004350       0x20 CMakeFiles/FD_CAN_Learn.elf.dir/User/retarget.c.obj
                0x08004350                RetargetInit
 .text._isatty  0x08004370       0x16 CMakeFiles/FD_CAN_Learn.elf.dir/User/retarget.c.obj
                0x08004370                _isatty
 *fill*         0x08004386        0x2 
 .text._write   0x08004388       0x34 CMakeFiles/FD_CAN_Learn.elf.dir/User/retarget.c.obj
                0x08004388                _write
 .text._close   0x080043bc       0x18 CMakeFiles/FD_CAN_Learn.elf.dir/User/retarget.c.obj
                0x080043bc                _close
 .text._lseek   0x080043d4       0x10 CMakeFiles/FD_CAN_Learn.elf.dir/User/retarget.c.obj
                0x080043d4                _lseek
 .text._read    0x080043e4       0x30 CMakeFiles/FD_CAN_Learn.elf.dir/User/retarget.c.obj
                0x080043e4                _read
 .text._fstat   0x08004414       0x1a CMakeFiles/FD_CAN_Learn.elf.dir/User/retarget.c.obj
                0x08004414                _fstat
 *fill*         0x0800442e        0x2 
 .text.__errno  0x08004430        0xc c:/progra~2/gnuarm~1/102021~1.10/bin/../lib/gcc/arm-none-eabi/10.3.1/../../../../arm-none-eabi/lib/thumb/v7e-m/nofp\libg.a(lib_a-errno.o)
                0x08004430                __errno
 .text.__libc_init_array
                0x0800443c       0x48 c:/progra~2/gnuarm~1/102021~1.10/bin/../lib/gcc/arm-none-eabi/10.3.1/../../../../arm-none-eabi/lib/thumb/v7e-m/nofp\libg.a(lib_a-init.o)
                0x0800443c                __libc_init_array
 .text.memset   0x08004484       0xa4 c:/progra~2/gnuarm~1/102021~1.10/bin/../lib/gcc/arm-none-eabi/10.3.1/../../../../arm-none-eabi/lib/thumb/v7e-m/nofp\libg.a(lib_a-memset.o)
                0x08004484                memset
 .text.printf   0x08004528       0x28 c:/progra~2/gnuarm~1/102021~1.10/bin/../lib/gcc/arm-none-eabi/10.3.1/../../../../arm-none-eabi/lib/thumb/v7e-m/nofp\libg.a(lib_a-printf.o)
                0x08004528                printf
 .text.setvbuf  0x08004550      0x1b0 c:/progra~2/gnuarm~1/102021~1.10/bin/../lib/gcc/arm-none-eabi/10.3.1/../../../../arm-none-eabi/lib/thumb/v7e-m/nofp\libg.a(lib_a-setvbuf.o)
                0x08004550                setvbuf
 .text._vfprintf_r
                0x08004700     0x1ad4 c:/progra~2/gnuarm~1/102021~1.10/bin/../lib/gcc/arm-none-eabi/10.3.1/../../../../arm-none-eabi/lib/thumb/v7e-m/nofp\libg.a(lib_a-vfprintf.o)
                0x08004700                _vfprintf_r
 .text.__sbprintf
                0x080061d4       0x80 c:/progra~2/gnuarm~1/102021~1.10/bin/../lib/gcc/arm-none-eabi/10.3.1/../../../../arm-none-eabi/lib/thumb/v7e-m/nofp\libg.a(lib_a-vfprintf.o)
 .text.__swsetup_r
                0x08006254       0xd4 c:/progra~2/gnuarm~1/102021~1.10/bin/../lib/gcc/arm-none-eabi/10.3.1/../../../../arm-none-eabi/lib/thumb/v7e-m/nofp\libg.a(lib_a-wsetup.o)
                0x08006254                __swsetup_r
 .text.quorem   0x08006328      0x124 c:/progra~2/gnuarm~1/102021~1.10/bin/../lib/gcc/arm-none-eabi/10.3.1/../../../../arm-none-eabi/lib/thumb/v7e-m/nofp\libg.a(lib_a-dtoa.o)
 *fill*         0x0800644c        0x4 
 .text._dtoa_r  0x08006450      0xec4 c:/progra~2/gnuarm~1/102021~1.10/bin/../lib/gcc/arm-none-eabi/10.3.1/../../../../arm-none-eabi/lib/thumb/v7e-m/nofp\libg.a(lib_a-dtoa.o)
                0x08006450                _dtoa_r
 .text.__sflush_r
                0x08007314      0x120 c:/progra~2/gnuarm~1/102021~1.10/bin/../lib/gcc/arm-none-eabi/10.3.1/../../../../arm-none-eabi/lib/thumb/v7e-m/nofp\libg.a(lib_a-fflush.o)
                0x08007314                __sflush_r
 .text._fflush_r
                0x08007434       0x5c c:/progra~2/gnuarm~1/102021~1.10/bin/../lib/gcc/arm-none-eabi/10.3.1/../../../../arm-none-eabi/lib/thumb/v7e-m/nofp\libg.a(lib_a-fflush.o)
                0x08007434                _fflush_r
 .text._cleanup_r
                0x08007490        0xc c:/progra~2/gnuarm~1/102021~1.10/bin/../lib/gcc/arm-none-eabi/10.3.1/../../../../arm-none-eabi/lib/thumb/v7e-m/nofp\libg.a(lib_a-findfp.o)
                0x08007490                _cleanup_r
 .text.__sinit  0x0800749c      0x10c c:/progra~2/gnuarm~1/102021~1.10/bin/../lib/gcc/arm-none-eabi/10.3.1/../../../../arm-none-eabi/lib/thumb/v7e-m/nofp\libg.a(lib_a-findfp.o)
                0x0800749c                __sinit
 .text.__sfp_lock_acquire
                0x080075a8        0xc c:/progra~2/gnuarm~1/102021~1.10/bin/../lib/gcc/arm-none-eabi/10.3.1/../../../../arm-none-eabi/lib/thumb/v7e-m/nofp\libg.a(lib_a-findfp.o)
                0x080075a8                __sfp_lock_acquire
 .text.__sfp_lock_release
                0x080075b4        0xc c:/progra~2/gnuarm~1/102021~1.10/bin/../lib/gcc/arm-none-eabi/10.3.1/../../../../arm-none-eabi/lib/thumb/v7e-m/nofp\libg.a(lib_a-findfp.o)
                0x080075b4                __sfp_lock_release
 .text._malloc_trim_r
                0x080075c0       0xa0 c:/progra~2/gnuarm~1/102021~1.10/bin/../lib/gcc/arm-none-eabi/10.3.1/../../../../arm-none-eabi/lib/thumb/v7e-m/nofp\libg.a(lib_a-freer.o)
                0x080075c0                _malloc_trim_r
 .text._free_r  0x08007660      0x20c c:/progra~2/gnuarm~1/102021~1.10/bin/../lib/gcc/arm-none-eabi/10.3.1/../../../../arm-none-eabi/lib/thumb/v7e-m/nofp\libg.a(lib_a-freer.o)
                0x08007660                _free_r
 .text._fwalk_reent
                0x0800786c       0x48 c:/progra~2/gnuarm~1/102021~1.10/bin/../lib/gcc/arm-none-eabi/10.3.1/../../../../arm-none-eabi/lib/thumb/v7e-m/nofp\libg.a(lib_a-fwalk.o)
                0x0800786c                _fwalk_reent
 .text._localeconv_r
                0x080078b4        0x8 c:/progra~2/gnuarm~1/102021~1.10/bin/../lib/gcc/arm-none-eabi/10.3.1/../../../../arm-none-eabi/lib/thumb/v7e-m/nofp\libg.a(lib_a-localeconv.o)
                0x080078b4                _localeconv_r
 .text.__retarget_lock_init_recursive
                0x080078bc        0x4 c:/progra~2/gnuarm~1/102021~1.10/bin/../lib/gcc/arm-none-eabi/10.3.1/../../../../arm-none-eabi/lib/thumb/v7e-m/nofp\libg.a(lib_a-lock.o)
                0x080078bc                __retarget_lock_init_recursive
 .text.__retarget_lock_close_recursive
                0x080078c0        0x4 c:/progra~2/gnuarm~1/102021~1.10/bin/../lib/gcc/arm-none-eabi/10.3.1/../../../../arm-none-eabi/lib/thumb/v7e-m/nofp\libg.a(lib_a-lock.o)
                0x080078c0                __retarget_lock_close_recursive
 .text.__retarget_lock_acquire_recursive
                0x080078c4        0x4 c:/progra~2/gnuarm~1/102021~1.10/bin/../lib/gcc/arm-none-eabi/10.3.1/../../../../arm-none-eabi/lib/thumb/v7e-m/nofp\libg.a(lib_a-lock.o)
                0x080078c4                __retarget_lock_acquire_recursive
 .text.__retarget_lock_release_recursive
                0x080078c8        0x4 c:/progra~2/gnuarm~1/102021~1.10/bin/../lib/gcc/arm-none-eabi/10.3.1/../../../../arm-none-eabi/lib/thumb/v7e-m/nofp\libg.a(lib_a-lock.o)
                0x080078c8                __retarget_lock_release_recursive
 .text.__smakebuf_r
                0x080078cc       0xe0 c:/progra~2/gnuarm~1/102021~1.10/bin/../lib/gcc/arm-none-eabi/10.3.1/../../../../arm-none-eabi/lib/thumb/v7e-m/nofp\libg.a(lib_a-makebuf.o)
                0x080078cc                __smakebuf_r
 .text.__swhatbuf_r
                0x080079ac       0x60 c:/progra~2/gnuarm~1/102021~1.10/bin/../lib/gcc/arm-none-eabi/10.3.1/../../../../arm-none-eabi/lib/thumb/v7e-m/nofp\libg.a(lib_a-makebuf.o)
                0x080079ac                __swhatbuf_r
 .text.malloc   0x08007a0c       0x10 c:/progra~2/gnuarm~1/102021~1.10/bin/../lib/gcc/arm-none-eabi/10.3.1/../../../../arm-none-eabi/lib/thumb/v7e-m/nofp\libg.a(lib_a-malloc.o)
                0x08007a0c                malloc
 .text._malloc_r
                0x08007a1c      0x560 c:/progra~2/gnuarm~1/102021~1.10/bin/../lib/gcc/arm-none-eabi/10.3.1/../../../../arm-none-eabi/lib/thumb/v7e-m/nofp\libg.a(lib_a-mallocr.o)
                0x08007a1c                _malloc_r
 .text.__malloc_lock
                0x08007f7c        0xc c:/progra~2/gnuarm~1/102021~1.10/bin/../lib/gcc/arm-none-eabi/10.3.1/../../../../arm-none-eabi/lib/thumb/v7e-m/nofp\libg.a(lib_a-mlock.o)
                0x08007f7c                __malloc_lock
 .text.__malloc_unlock
                0x08007f88        0xc c:/progra~2/gnuarm~1/102021~1.10/bin/../lib/gcc/arm-none-eabi/10.3.1/../../../../arm-none-eabi/lib/thumb/v7e-m/nofp\libg.a(lib_a-mlock.o)
                0x08007f88                __malloc_unlock
 .text._Balloc  0x08007f94       0x4c c:/progra~2/gnuarm~1/102021~1.10/bin/../lib/gcc/arm-none-eabi/10.3.1/../../../../arm-none-eabi/lib/thumb/v7e-m/nofp\libg.a(lib_a-mprec.o)
                0x08007f94                _Balloc
 .text._Bfree   0x08007fe0       0x14 c:/progra~2/gnuarm~1/102021~1.10/bin/../lib/gcc/arm-none-eabi/10.3.1/../../../../arm-none-eabi/lib/thumb/v7e-m/nofp\libg.a(lib_a-mprec.o)
                0x08007fe0                _Bfree
 .text.__multadd
                0x08007ff4       0xa0 c:/progra~2/gnuarm~1/102021~1.10/bin/../lib/gcc/arm-none-eabi/10.3.1/../../../../arm-none-eabi/lib/thumb/v7e-m/nofp\libg.a(lib_a-mprec.o)
                0x08007ff4                __multadd
 .text.__hi0bits
                0x08008094       0x40 c:/progra~2/gnuarm~1/102021~1.10/bin/../lib/gcc/arm-none-eabi/10.3.1/../../../../arm-none-eabi/lib/thumb/v7e-m/nofp\libg.a(lib_a-mprec.o)
                0x08008094                __hi0bits
 .text.__lo0bits
                0x080080d4       0x5c c:/progra~2/gnuarm~1/102021~1.10/bin/../lib/gcc/arm-none-eabi/10.3.1/../../../../arm-none-eabi/lib/thumb/v7e-m/nofp\libg.a(lib_a-mprec.o)
                0x080080d4                __lo0bits
 .text.__i2b    0x08008130       0x5c c:/progra~2/gnuarm~1/102021~1.10/bin/../lib/gcc/arm-none-eabi/10.3.1/../../../../arm-none-eabi/lib/thumb/v7e-m/nofp\libg.a(lib_a-mprec.o)
                0x08008130                __i2b
 .text.__multiply
                0x0800818c      0x15c c:/progra~2/gnuarm~1/102021~1.10/bin/../lib/gcc/arm-none-eabi/10.3.1/../../../../arm-none-eabi/lib/thumb/v7e-m/nofp\libg.a(lib_a-mprec.o)
                0x0800818c                __multiply
 .text.__pow5mult
                0x080082e8       0xc0 c:/progra~2/gnuarm~1/102021~1.10/bin/../lib/gcc/arm-none-eabi/10.3.1/../../../../arm-none-eabi/lib/thumb/v7e-m/nofp\libg.a(lib_a-mprec.o)
                0x080082e8                __pow5mult
 .text.__lshift
                0x080083a8       0xf0 c:/progra~2/gnuarm~1/102021~1.10/bin/../lib/gcc/arm-none-eabi/10.3.1/../../../../arm-none-eabi/lib/thumb/v7e-m/nofp\libg.a(lib_a-mprec.o)
                0x080083a8                __lshift
 .text.__mcmp   0x08008498       0x40 c:/progra~2/gnuarm~1/102021~1.10/bin/../lib/gcc/arm-none-eabi/10.3.1/../../../../arm-none-eabi/lib/thumb/v7e-m/nofp\libg.a(lib_a-mprec.o)
                0x08008498                __mcmp
 .text.__mdiff  0x080084d8      0x14c c:/progra~2/gnuarm~1/102021~1.10/bin/../lib/gcc/arm-none-eabi/10.3.1/../../../../arm-none-eabi/lib/thumb/v7e-m/nofp\libg.a(lib_a-mprec.o)
                0x080084d8                __mdiff
 .text.__d2b    0x08008624       0xc4 c:/progra~2/gnuarm~1/102021~1.10/bin/../lib/gcc/arm-none-eabi/10.3.1/../../../../arm-none-eabi/lib/thumb/v7e-m/nofp\libg.a(lib_a-mprec.o)
                0x08008624                __d2b
 .text.frexp    0x080086e8       0x70 c:/progra~2/gnuarm~1/102021~1.10/bin/../lib/gcc/arm-none-eabi/10.3.1/../../../../arm-none-eabi/lib/thumb/v7e-m/nofp\libg.a(lib_a-s_frexp.o)
                0x080086e8                frexp
 .text._sbrk_r  0x08008758       0x24 c:/progra~2/gnuarm~1/102021~1.10/bin/../lib/gcc/arm-none-eabi/10.3.1/../../../../arm-none-eabi/lib/thumb/v7e-m/nofp\libg.a(lib_a-sbrkr.o)
                0x08008758                _sbrk_r
 .text.__sread  0x0800877c       0x24 c:/progra~2/gnuarm~1/102021~1.10/bin/../lib/gcc/arm-none-eabi/10.3.1/../../../../arm-none-eabi/lib/thumb/v7e-m/nofp\libg.a(lib_a-stdio.o)
                0x0800877c                __sread
 .text.__swrite
                0x080087a0       0x40 c:/progra~2/gnuarm~1/102021~1.10/bin/../lib/gcc/arm-none-eabi/10.3.1/../../../../arm-none-eabi/lib/thumb/v7e-m/nofp\libg.a(lib_a-stdio.o)
                0x080087a0                __swrite
 .text.__sseek  0x080087e0       0x20 c:/progra~2/gnuarm~1/102021~1.10/bin/../lib/gcc/arm-none-eabi/10.3.1/../../../../arm-none-eabi/lib/thumb/v7e-m/nofp\libg.a(lib_a-stdio.o)
                0x080087e0                __sseek
 .text.__sclose
                0x08008800        0x8 c:/progra~2/gnuarm~1/102021~1.10/bin/../lib/gcc/arm-none-eabi/10.3.1/../../../../arm-none-eabi/lib/thumb/v7e-m/nofp\libg.a(lib_a-stdio.o)
                0x08008800                __sclose
 .text.strncpy  0x08008808       0x64 c:/progra~2/gnuarm~1/102021~1.10/bin/../lib/gcc/arm-none-eabi/10.3.1/../../../../arm-none-eabi/lib/thumb/v7e-m/nofp\libg.a(lib_a-strncpy.o)
                0x08008808                strncpy
 .text.__sprint_r.part.0
                0x0800886c       0x78 c:/progra~2/gnuarm~1/102021~1.10/bin/../lib/gcc/arm-none-eabi/10.3.1/../../../../arm-none-eabi/lib/thumb/v7e-m/nofp\libg.a(lib_a-vfiprintf.o)
 .text.__sprint_r
                0x080088e4       0x14 c:/progra~2/gnuarm~1/102021~1.10/bin/../lib/gcc/arm-none-eabi/10.3.1/../../../../arm-none-eabi/lib/thumb/v7e-m/nofp\libg.a(lib_a-vfiprintf.o)
                0x080088e4                __sprint_r
 .text._vfiprintf_r
                0x080088f8      0xda0 c:/progra~2/gnuarm~1/102021~1.10/bin/../lib/gcc/arm-none-eabi/10.3.1/../../../../arm-none-eabi/lib/thumb/v7e-m/nofp\libg.a(lib_a-vfiprintf.o)
                0x080088f8                _vfiprintf_r
 .text.__sbprintf
                0x08009698       0x80 c:/progra~2/gnuarm~1/102021~1.10/bin/../lib/gcc/arm-none-eabi/10.3.1/../../../../arm-none-eabi/lib/thumb/v7e-m/nofp\libg.a(lib_a-vfiprintf.o)
 .text._write_r
                0x08009718       0x2c c:/progra~2/gnuarm~1/102021~1.10/bin/../lib/gcc/arm-none-eabi/10.3.1/../../../../arm-none-eabi/lib/thumb/v7e-m/nofp\libg.a(lib_a-writer.o)
                0x08009718                _write_r
 .text.__assert_func
                0x08009744       0x40 c:/progra~2/gnuarm~1/102021~1.10/bin/../lib/gcc/arm-none-eabi/10.3.1/../../../../arm-none-eabi/lib/thumb/v7e-m/nofp\libg.a(lib_a-assert.o)
                0x08009744                __assert_func
 .text._calloc_r
                0x08009784       0x78 c:/progra~2/gnuarm~1/102021~1.10/bin/../lib/gcc/arm-none-eabi/10.3.1/../../../../arm-none-eabi/lib/thumb/v7e-m/nofp\libg.a(lib_a-callocr.o)
                0x08009784                _calloc_r
 .text._close_r
                0x080097fc       0x24 c:/progra~2/gnuarm~1/102021~1.10/bin/../lib/gcc/arm-none-eabi/10.3.1/../../../../arm-none-eabi/lib/thumb/v7e-m/nofp\libg.a(lib_a-closer.o)
                0x080097fc                _close_r
 .text._fclose_r
                0x08009820       0xcc c:/progra~2/gnuarm~1/102021~1.10/bin/../lib/gcc/arm-none-eabi/10.3.1/../../../../arm-none-eabi/lib/thumb/v7e-m/nofp\libg.a(lib_a-fclose.o)
                0x08009820                _fclose_r
 .text.fiprintf
                0x080098ec       0x28 c:/progra~2/gnuarm~1/102021~1.10/bin/../lib/gcc/arm-none-eabi/10.3.1/../../../../arm-none-eabi/lib/thumb/v7e-m/nofp\libg.a(lib_a-fiprintf.o)
                0x080098ec                fiprintf
 .text.__fputwc
                0x08009914       0xa8 c:/progra~2/gnuarm~1/102021~1.10/bin/../lib/gcc/arm-none-eabi/10.3.1/../../../../arm-none-eabi/lib/thumb/v7e-m/nofp\libg.a(lib_a-fputwc.o)
                0x08009914                __fputwc
 .text._fputwc_r
                0x080099bc       0x68 c:/progra~2/gnuarm~1/102021~1.10/bin/../lib/gcc/arm-none-eabi/10.3.1/../../../../arm-none-eabi/lib/thumb/v7e-m/nofp\libg.a(lib_a-fputwc.o)
                0x080099bc                _fputwc_r
 .text._fstat_r
                0x08009a24       0x2c c:/progra~2/gnuarm~1/102021~1.10/bin/../lib/gcc/arm-none-eabi/10.3.1/../../../../arm-none-eabi/lib/thumb/v7e-m/nofp\libg.a(lib_a-fstatr.o)
                0x08009a24                _fstat_r
 .text.__sfvwrite_r
                0x08009a50      0x2e8 c:/progra~2/gnuarm~1/102021~1.10/bin/../lib/gcc/arm-none-eabi/10.3.1/../../../../arm-none-eabi/lib/thumb/v7e-m/nofp\libg.a(lib_a-fvwrite.o)
                0x08009a50                __sfvwrite_r
 .text._isatty_r
                0x08009d38       0x24 c:/progra~2/gnuarm~1/102021~1.10/bin/../lib/gcc/arm-none-eabi/10.3.1/../../../../arm-none-eabi/lib/thumb/v7e-m/nofp\libg.a(lib_a-isattyr.o)
                0x08009d38                _isatty_r
 .text.__locale_mb_cur_max
                0x08009d5c        0xc c:/progra~2/gnuarm~1/102021~1.10/bin/../lib/gcc/arm-none-eabi/10.3.1/../../../../arm-none-eabi/lib/thumb/v7e-m/nofp\libg.a(lib_a-locale.o)
                0x08009d5c                __locale_mb_cur_max
 .text._lseek_r
                0x08009d68       0x2c c:/progra~2/gnuarm~1/102021~1.10/bin/../lib/gcc/arm-none-eabi/10.3.1/../../../../arm-none-eabi/lib/thumb/v7e-m/nofp\libg.a(lib_a-lseekr.o)
                0x08009d68                _lseek_r
 .text.__ascii_mbtowc
                0x08009d94       0x2c c:/progra~2/gnuarm~1/102021~1.10/bin/../lib/gcc/arm-none-eabi/10.3.1/../../../../arm-none-eabi/lib/thumb/v7e-m/nofp\libg.a(lib_a-mbtowc_r.o)
                0x08009d94                __ascii_mbtowc
 .text.memmove  0x08009dc0       0xf8 c:/progra~2/gnuarm~1/102021~1.10/bin/../lib/gcc/arm-none-eabi/10.3.1/../../../../arm-none-eabi/lib/thumb/v7e-m/nofp\libg.a(lib_a-memmove.o)
                0x08009dc0                memmove
 .text._read_r  0x08009eb8       0x2c c:/progra~2/gnuarm~1/102021~1.10/bin/../lib/gcc/arm-none-eabi/10.3.1/../../../../arm-none-eabi/lib/thumb/v7e-m/nofp\libg.a(lib_a-readr.o)
                0x08009eb8                _read_r
 .text._realloc_r
                0x08009ee4      0x3d8 c:/progra~2/gnuarm~1/102021~1.10/bin/../lib/gcc/arm-none-eabi/10.3.1/../../../../arm-none-eabi/lib/thumb/v7e-m/nofp\libg.a(lib_a-reallocr.o)
                0x08009ee4                _realloc_r
 .text.__swbuf_r
                0x0800a2bc       0xb0 c:/progra~2/gnuarm~1/102021~1.10/bin/../lib/gcc/arm-none-eabi/10.3.1/../../../../arm-none-eabi/lib/thumb/v7e-m/nofp\libg.a(lib_a-wbuf.o)
                0x0800a2bc                __swbuf_r
 .text._wcrtomb_r
                0x0800a36c       0x3c c:/progra~2/gnuarm~1/102021~1.10/bin/../lib/gcc/arm-none-eabi/10.3.1/../../../../arm-none-eabi/lib/thumb/v7e-m/nofp\libg.a(lib_a-wcrtomb.o)
                0x0800a36c                _wcrtomb_r
 .text.__ascii_wctomb
                0x0800a3a8       0x1c c:/progra~2/gnuarm~1/102021~1.10/bin/../lib/gcc/arm-none-eabi/10.3.1/../../../../arm-none-eabi/lib/thumb/v7e-m/nofp\libg.a(lib_a-wctomb_r.o)
                0x0800a3a8                __ascii_wctomb
 .text.abort    0x0800a3c4       0x10 c:/progra~2/gnuarm~1/102021~1.10/bin/../lib/gcc/arm-none-eabi/10.3.1/../../../../arm-none-eabi/lib/thumb/v7e-m/nofp\libg.a(lib_a-abort.o)
                0x0800a3c4                abort
 .text.raise    0x0800a3d4       0x5c c:/progra~2/gnuarm~1/102021~1.10/bin/../lib/gcc/arm-none-eabi/10.3.1/../../../../arm-none-eabi/lib/thumb/v7e-m/nofp\libg.a(lib_a-signal.o)
                0x0800a3d4                raise
 .text._kill_r  0x0800a430       0x2c c:/progra~2/gnuarm~1/102021~1.10/bin/../lib/gcc/arm-none-eabi/10.3.1/../../../../arm-none-eabi/lib/thumb/v7e-m/nofp\libg.a(lib_a-signalr.o)
                0x0800a430                _kill_r
 .text._getpid_r
                0x0800a45c        0x4 c:/progra~2/gnuarm~1/102021~1.10/bin/../lib/gcc/arm-none-eabi/10.3.1/../../../../arm-none-eabi/lib/thumb/v7e-m/nofp\libg.a(lib_a-signalr.o)
                0x0800a45c                _getpid_r
 *(.glue_7)
 .glue_7        0x0800a460        0x0 linker stubs
 *(.glue_7t)
 .glue_7t       0x0800a460        0x0 linker stubs
 *(.eh_frame)
 *(.init)
 .init          0x0800a460        0x4 c:/progra~2/gnuarm~1/102021~1.10/bin/../lib/gcc/arm-none-eabi/10.3.1/thumb/v7e-m/nofp/crti.o
                0x0800a460                _init
 .init          0x0800a464        0x8 c:/progra~2/gnuarm~1/102021~1.10/bin/../lib/gcc/arm-none-eabi/10.3.1/thumb/v7e-m/nofp/crtn.o
 *(.fini)
 .fini          0x0800a46c        0x4 c:/progra~2/gnuarm~1/102021~1.10/bin/../lib/gcc/arm-none-eabi/10.3.1/thumb/v7e-m/nofp/crti.o
                0x0800a46c                _fini
 .fini          0x0800a470        0x8 c:/progra~2/gnuarm~1/102021~1.10/bin/../lib/gcc/arm-none-eabi/10.3.1/thumb/v7e-m/nofp/crtn.o
                0x0800a478                . = ALIGN (0x4)
                0x0800a478                _etext = .

.vfp11_veneer   0x0800a478        0x0
 .vfp11_veneer  0x0800a478        0x0 linker stubs

.v4_bx          0x0800a478        0x0
 .v4_bx         0x0800a478        0x0 linker stubs

.iplt           0x0800a478        0x0
 .iplt          0x0800a478        0x0 CMakeFiles/FD_CAN_Learn.elf.dir/BSP/my_fdcan.c.obj

.rodata         0x0800a478      0x478
                0x0800a478                . = ALIGN (0x4)
 *(.rodata)
 *(.rodata*)
 .rodata.main.str1.4
                0x0800a478        0x9 CMakeFiles/FD_CAN_Learn.elf.dir/Core/Src/main.c.obj
 *fill*         0x0800a481        0x3 
 .rodata.AHBPrescTable
                0x0800a484       0x10 CMakeFiles/FD_CAN_Learn.elf.dir/Core/Src/system_stm32g4xx.c.obj
                0x0800a484                AHBPrescTable
 .rodata.APBPrescTable
                0x0800a494        0x8 CMakeFiles/FD_CAN_Learn.elf.dir/Core/Src/system_stm32g4xx.c.obj
                0x0800a494                APBPrescTable
 .rodata.DLCtoBytes
                0x0800a49c       0x10 CMakeFiles/FD_CAN_Learn.elf.dir/Drivers/STM32G4xx_HAL_Driver/Src/stm32g4xx_hal_fdcan.c.obj
 .rodata.UARTPrescTable
                0x0800a4ac       0x18 CMakeFiles/FD_CAN_Learn.elf.dir/Drivers/STM32G4xx_HAL_Driver/Src/stm32g4xx_hal_uart.c.obj
                0x0800a4ac                UARTPrescTable
 .rodata.denominator.0
                0x0800a4c4        0x8 CMakeFiles/FD_CAN_Learn.elf.dir/Drivers/STM32G4xx_HAL_Driver/Src/stm32g4xx_hal_uart_ex.c.obj
 .rodata.numerator.1
                0x0800a4cc        0x8 CMakeFiles/FD_CAN_Learn.elf.dir/Drivers/STM32G4xx_HAL_Driver/Src/stm32g4xx_hal_uart_ex.c.obj
 .rodata.HAL_FDCAN_RxFifo0Callback.str1.4
                0x0800a4d4       0x20 CMakeFiles/FD_CAN_Learn.elf.dir/User/IRQ.c.obj
 .rodata._vfprintf_r.str1.4
                0x0800a4f4       0x42 c:/progra~2/gnuarm~1/102021~1.10/bin/../lib/gcc/arm-none-eabi/10.3.1/../../../../arm-none-eabi/lib/thumb/v7e-m/nofp\libg.a(lib_a-vfprintf.o)
 *fill*         0x0800a536        0x2 
 .rodata.blanks.1
                0x0800a538       0x10 c:/progra~2/gnuarm~1/102021~1.10/bin/../lib/gcc/arm-none-eabi/10.3.1/../../../../arm-none-eabi/lib/thumb/v7e-m/nofp\libg.a(lib_a-vfprintf.o)
 .rodata.zeroes.0
                0x0800a548       0x10 c:/progra~2/gnuarm~1/102021~1.10/bin/../lib/gcc/arm-none-eabi/10.3.1/../../../../arm-none-eabi/lib/thumb/v7e-m/nofp\libg.a(lib_a-vfprintf.o)
 .rodata._dtoa_r.str1.4
                0x0800a558       0xa2 c:/progra~2/gnuarm~1/102021~1.10/bin/../lib/gcc/arm-none-eabi/10.3.1/../../../../arm-none-eabi/lib/thumb/v7e-m/nofp\libg.a(lib_a-dtoa.o)
                                 0xa6 (size before relaxing)
 *fill*         0x0800a5fa        0x2 
 .rodata.__multadd.str1.4
                0x0800a5fc       0x7f c:/progra~2/gnuarm~1/102021~1.10/bin/../lib/gcc/arm-none-eabi/10.3.1/../../../../arm-none-eabi/lib/thumb/v7e-m/nofp\libg.a(lib_a-mprec.o)
                                 0x93 (size before relaxing)
 *fill*         0x0800a67b        0x5 
 .rodata.__mprec_bigtens
                0x0800a680       0x28 c:/progra~2/gnuarm~1/102021~1.10/bin/../lib/gcc/arm-none-eabi/10.3.1/../../../../arm-none-eabi/lib/thumb/v7e-m/nofp\libg.a(lib_a-mprec.o)
                0x0800a680                __mprec_bigtens
 .rodata.__mprec_tens
                0x0800a6a8       0xc8 c:/progra~2/gnuarm~1/102021~1.10/bin/../lib/gcc/arm-none-eabi/10.3.1/../../../../arm-none-eabi/lib/thumb/v7e-m/nofp\libg.a(lib_a-mprec.o)
                0x0800a6a8                __mprec_tens
 .rodata.p05.0  0x0800a770        0xc c:/progra~2/gnuarm~1/102021~1.10/bin/../lib/gcc/arm-none-eabi/10.3.1/../../../../arm-none-eabi/lib/thumb/v7e-m/nofp\libg.a(lib_a-mprec.o)
 .rodata._vfiprintf_r.str1.4
                0x0800a77c       0x2f c:/progra~2/gnuarm~1/102021~1.10/bin/../lib/gcc/arm-none-eabi/10.3.1/../../../../arm-none-eabi/lib/thumb/v7e-m/nofp\libg.a(lib_a-vfiprintf.o)
 .rodata.blanks.1
                0x0800a77c       0x10 c:/progra~2/gnuarm~1/102021~1.10/bin/../lib/gcc/arm-none-eabi/10.3.1/../../../../arm-none-eabi/lib/thumb/v7e-m/nofp\libg.a(lib_a-vfiprintf.o)
 .rodata.zeroes.0
                0x0800a78c       0x10 c:/progra~2/gnuarm~1/102021~1.10/bin/../lib/gcc/arm-none-eabi/10.3.1/../../../../arm-none-eabi/lib/thumb/v7e-m/nofp\libg.a(lib_a-vfiprintf.o)
 .rodata.__assert_func.str1.4
                0x0800a79c       0x3f c:/progra~2/gnuarm~1/102021~1.10/bin/../lib/gcc/arm-none-eabi/10.3.1/../../../../arm-none-eabi/lib/thumb/v7e-m/nofp\libg.a(lib_a-assert.o)
                                 0x43 (size before relaxing)
 *fill*         0x0800a7db        0x1 
 .rodata._setlocale_r.str1.4
                0x0800a7dc        0xa c:/progra~2/gnuarm~1/102021~1.10/bin/../lib/gcc/arm-none-eabi/10.3.1/../../../../arm-none-eabi/lib/thumb/v7e-m/nofp\libg.a(lib_a-locale.o)
                                  0xd (size before relaxing)
 *fill*         0x0800a7e6        0x2 
 .rodata.str1.4
                0x0800a7e8        0x2 c:/progra~2/gnuarm~1/102021~1.10/bin/../lib/gcc/arm-none-eabi/10.3.1/../../../../arm-none-eabi/lib/thumb/v7e-m/nofp\libg.a(lib_a-locale.o)
 *fill*         0x0800a7ea        0x2 
 .rodata._ctype_
                0x0800a7ec      0x101 c:/progra~2/gnuarm~1/102021~1.10/bin/../lib/gcc/arm-none-eabi/10.3.1/../../../../arm-none-eabi/lib/thumb/v7e-m/nofp\libg.a(lib_a-ctype_.o)
                0x0800a7ec                _ctype_
                0x0800a8f0                . = ALIGN (0x4)
 *fill*         0x0800a8ed        0x3 
                0x0800a8f8                _sidata = LOADADDR (.data)

.ARM.exidx      0x0800a8f0        0x8
 .ARM.exidx     0x0800a8f0        0x8 c:/progra~2/gnuarm~1/102021~1.10/bin/../lib/gcc/arm-none-eabi/10.3.1/thumb/v7e-m/nofp\libgcc.a(_udivmoddi4.o)

.rel.dyn        0x0800a8f8        0x0
 .rel.iplt      0x0800a8f8        0x0 CMakeFiles/FD_CAN_Learn.elf.dir/BSP/my_fdcan.c.obj

.data           0x20000000      0x9b4 load address 0x0800a8f8
                0x20000000                . = ALIGN (0x4)
                0x20000000                _sdata = .
 *(.data)
 *(.data*)
 .data.SystemCoreClock
                0x20000000        0x4 CMakeFiles/FD_CAN_Learn.elf.dir/Core/Src/system_stm32g4xx.c.obj
                0x20000000                SystemCoreClock
 .data.uwTickFreq
                0x20000004        0x4 CMakeFiles/FD_CAN_Learn.elf.dir/Drivers/STM32G4xx_HAL_Driver/Src/stm32g4xx_hal.c.obj
                0x20000004                uwTickFreq
 .data.uwTickPrio
                0x20000008        0x4 CMakeFiles/FD_CAN_Learn.elf.dir/Drivers/STM32G4xx_HAL_Driver/Src/stm32g4xx_hal.c.obj
                0x20000008                uwTickPrio
 .data._impure_ptr
                0x2000000c        0x4 c:/progra~2/gnuarm~1/102021~1.10/bin/../lib/gcc/arm-none-eabi/10.3.1/../../../../arm-none-eabi/lib/thumb/v7e-m/nofp\libg.a(lib_a-impure.o)
                0x2000000c                _impure_ptr
 .data.impure_data
                0x20000010      0x428 c:/progra~2/gnuarm~1/102021~1.10/bin/../lib/gcc/arm-none-eabi/10.3.1/../../../../arm-none-eabi/lib/thumb/v7e-m/nofp\libg.a(lib_a-impure.o)
 .data.__malloc_av_
                0x20000438      0x408 c:/progra~2/gnuarm~1/102021~1.10/bin/../lib/gcc/arm-none-eabi/10.3.1/../../../../arm-none-eabi/lib/thumb/v7e-m/nofp\libg.a(lib_a-mallocr.o)
                0x20000438                __malloc_av_
 .data.__malloc_sbrk_base
                0x20000840        0x4 c:/progra~2/gnuarm~1/102021~1.10/bin/../lib/gcc/arm-none-eabi/10.3.1/../../../../arm-none-eabi/lib/thumb/v7e-m/nofp\libg.a(lib_a-mallocr.o)
                0x20000840                __malloc_sbrk_base
 .data.__malloc_trim_threshold
                0x20000844        0x4 c:/progra~2/gnuarm~1/102021~1.10/bin/../lib/gcc/arm-none-eabi/10.3.1/../../../../arm-none-eabi/lib/thumb/v7e-m/nofp\libg.a(lib_a-mallocr.o)
                0x20000844                __malloc_trim_threshold
 .data.__global_locale
                0x20000848      0x16c c:/progra~2/gnuarm~1/102021~1.10/bin/../lib/gcc/arm-none-eabi/10.3.1/../../../../arm-none-eabi/lib/thumb/v7e-m/nofp\libg.a(lib_a-locale.o)
                0x20000848                __global_locale
 *(.RamFunc)
 *(.RamFunc*)
                0x200009b4                . = ALIGN (0x4)
                0x200009b4                _edata = .

.igot.plt       0x200009b4        0x0 load address 0x0800b2ac
 .igot.plt      0x200009b4        0x0 CMakeFiles/FD_CAN_Learn.elf.dir/BSP/my_fdcan.c.obj
                0x200009b4                . = ALIGN (0x4)

.bss            0x200009b4      0x14c load address 0x0800b2ac
                0x200009b4                _sbss = .
                0x200009b4                __bss_start__ = _sbss
 *(.bss)
 *(.bss*)
 .bss.hfdcan1   0x200009b4       0x64 CMakeFiles/FD_CAN_Learn.elf.dir/Core/Src/fdcan.c.obj
                0x200009b4                hfdcan1
 .bss.__sbrk_heap_end
                0x20000a18        0x4 CMakeFiles/FD_CAN_Learn.elf.dir/Core/Src/sysmem.c.obj
 .bss.huart1    0x20000a1c       0x94 CMakeFiles/FD_CAN_Learn.elf.dir/Core/Src/usart.c.obj
                0x20000a1c                huart1
 .bss.uwTick    0x20000ab0        0x4 CMakeFiles/FD_CAN_Learn.elf.dir/Drivers/STM32G4xx_HAL_Driver/Src/stm32g4xx_hal.c.obj
                0x20000ab0                uwTick
 .bss.RxBuffer  0x20000ab4        0x1 CMakeFiles/FD_CAN_Learn.elf.dir/User/retarget.c.obj
                0x20000ab4                RxBuffer
 *fill*         0x20000ab5        0x3 
 .bss.gHuart    0x20000ab8        0x4 CMakeFiles/FD_CAN_Learn.elf.dir/User/retarget.c.obj
                0x20000ab8                gHuart
 .bss.__lock___malloc_recursive_mutex
                0x20000abc        0x1 c:/progra~2/gnuarm~1/102021~1.10/bin/../lib/gcc/arm-none-eabi/10.3.1/../../../../arm-none-eabi/lib/thumb/v7e-m/nofp\libg.a(lib_a-lock.o)
                0x20000abc                __lock___malloc_recursive_mutex
 *fill*         0x20000abd        0x3 
 .bss.__lock___sfp_recursive_mutex
                0x20000ac0        0x1 c:/progra~2/gnuarm~1/102021~1.10/bin/../lib/gcc/arm-none-eabi/10.3.1/../../../../arm-none-eabi/lib/thumb/v7e-m/nofp\libg.a(lib_a-lock.o)
                0x20000ac0                __lock___sfp_recursive_mutex
 *fill*         0x20000ac1        0x3 
 .bss.__lock___sinit_recursive_mutex
                0x20000ac4        0x1 c:/progra~2/gnuarm~1/102021~1.10/bin/../lib/gcc/arm-none-eabi/10.3.1/../../../../arm-none-eabi/lib/thumb/v7e-m/nofp\libg.a(lib_a-lock.o)
                0x20000ac4                __lock___sinit_recursive_mutex
 *fill*         0x20000ac5        0x3 
 .bss.__malloc_current_mallinfo
                0x20000ac8       0x28 c:/progra~2/gnuarm~1/102021~1.10/bin/../lib/gcc/arm-none-eabi/10.3.1/../../../../arm-none-eabi/lib/thumb/v7e-m/nofp\libg.a(lib_a-mallocr.o)
                0x20000ac8                __malloc_current_mallinfo
 .bss.__malloc_max_sbrked_mem
                0x20000af0        0x4 c:/progra~2/gnuarm~1/102021~1.10/bin/../lib/gcc/arm-none-eabi/10.3.1/../../../../arm-none-eabi/lib/thumb/v7e-m/nofp\libg.a(lib_a-mallocr.o)
                0x20000af0                __malloc_max_sbrked_mem
 .bss.__malloc_max_total_mem
                0x20000af4        0x4 c:/progra~2/gnuarm~1/102021~1.10/bin/../lib/gcc/arm-none-eabi/10.3.1/../../../../arm-none-eabi/lib/thumb/v7e-m/nofp\libg.a(lib_a-mallocr.o)
                0x20000af4                __malloc_max_total_mem
 .bss.__malloc_top_pad
                0x20000af8        0x4 c:/progra~2/gnuarm~1/102021~1.10/bin/../lib/gcc/arm-none-eabi/10.3.1/../../../../arm-none-eabi/lib/thumb/v7e-m/nofp\libg.a(lib_a-mallocr.o)
                0x20000af8                __malloc_top_pad
 .bss.errno     0x20000afc        0x4 c:/progra~2/gnuarm~1/102021~1.10/bin/../lib/gcc/arm-none-eabi/10.3.1/../../../../arm-none-eabi/lib/thumb/v7e-m/nofp\libg.a(lib_a-reent.o)
                0x20000afc                errno
 *(COMMON)
                0x20000b00                . = ALIGN (0x4)
                0x20000b00                _ebss = .
                0x20000b00                __bss_end__ = _ebss

._user_heap_stack
                0x20000b00      0x600 load address 0x0800b2ac
                0x20000b00                . = ALIGN (0x8)
                [!provide]                PROVIDE (end = .)
                0x20000b00                PROVIDE (_end = .)
                0x20000d00                . = (. + _Min_Heap_Size)
 *fill*         0x20000b00      0x200 
                0x20001100                . = (. + _Min_Stack_Size)
 *fill*         0x20000d00      0x400 
                0x20001100                . = ALIGN (0x8)

/DISCARD/
 libc.a(*)
 libm.a(*)
 libgcc.a(*)

.ARM.attributes
                0x00000000       0x2a
 *(.ARM.attributes)
 .ARM.attributes
                0x00000000       0x1e c:/progra~2/gnuarm~1/102021~1.10/bin/../lib/gcc/arm-none-eabi/10.3.1/thumb/v7e-m/nofp/crti.o
 .ARM.attributes
                0x0000001e       0x2e CMakeFiles/FD_CAN_Learn.elf.dir/BSP/my_fdcan.c.obj
 .ARM.attributes
                0x0000004c       0x2e CMakeFiles/FD_CAN_Learn.elf.dir/Core/Src/fdcan.c.obj
 .ARM.attributes
                0x0000007a       0x2e CMakeFiles/FD_CAN_Learn.elf.dir/Core/Src/gpio.c.obj
 .ARM.attributes
                0x000000a8       0x2e CMakeFiles/FD_CAN_Learn.elf.dir/Core/Src/main.c.obj
 .ARM.attributes
                0x000000d6       0x2e CMakeFiles/FD_CAN_Learn.elf.dir/Core/Src/stm32g4xx_hal_msp.c.obj
 .ARM.attributes
                0x00000104       0x2e CMakeFiles/FD_CAN_Learn.elf.dir/Core/Src/stm32g4xx_it.c.obj
 .ARM.attributes
                0x00000132       0x2e CMakeFiles/FD_CAN_Learn.elf.dir/Core/Src/syscalls.c.obj
 .ARM.attributes
                0x00000160       0x2e CMakeFiles/FD_CAN_Learn.elf.dir/Core/Src/sysmem.c.obj
 .ARM.attributes
                0x0000018e       0x2e CMakeFiles/FD_CAN_Learn.elf.dir/Core/Src/system_stm32g4xx.c.obj
 .ARM.attributes
                0x000001bc       0x2e CMakeFiles/FD_CAN_Learn.elf.dir/Core/Src/usart.c.obj
 .ARM.attributes
                0x000001ea       0x21 CMakeFiles/FD_CAN_Learn.elf.dir/Core/Startup/startup_stm32g474vetx.s.obj
 .ARM.attributes
                0x0000020b       0x2e CMakeFiles/FD_CAN_Learn.elf.dir/Drivers/STM32G4xx_HAL_Driver/Src/stm32g4xx_hal.c.obj
 .ARM.attributes
                0x00000239       0x2e CMakeFiles/FD_CAN_Learn.elf.dir/Drivers/STM32G4xx_HAL_Driver/Src/stm32g4xx_hal_cortex.c.obj
 .ARM.attributes
                0x00000267       0x2e CMakeFiles/FD_CAN_Learn.elf.dir/Drivers/STM32G4xx_HAL_Driver/Src/stm32g4xx_hal_dma.c.obj
 .ARM.attributes
                0x00000295       0x2e CMakeFiles/FD_CAN_Learn.elf.dir/Drivers/STM32G4xx_HAL_Driver/Src/stm32g4xx_hal_fdcan.c.obj
 .ARM.attributes
                0x000002c3       0x2e CMakeFiles/FD_CAN_Learn.elf.dir/Drivers/STM32G4xx_HAL_Driver/Src/stm32g4xx_hal_gpio.c.obj
 .ARM.attributes
                0x000002f1       0x2e CMakeFiles/FD_CAN_Learn.elf.dir/Drivers/STM32G4xx_HAL_Driver/Src/stm32g4xx_hal_pwr_ex.c.obj
 .ARM.attributes
                0x0000031f       0x2e CMakeFiles/FD_CAN_Learn.elf.dir/Drivers/STM32G4xx_HAL_Driver/Src/stm32g4xx_hal_rcc.c.obj
 .ARM.attributes
                0x0000034d       0x2e CMakeFiles/FD_CAN_Learn.elf.dir/Drivers/STM32G4xx_HAL_Driver/Src/stm32g4xx_hal_rcc_ex.c.obj
 .ARM.attributes
                0x0000037b       0x2e CMakeFiles/FD_CAN_Learn.elf.dir/Drivers/STM32G4xx_HAL_Driver/Src/stm32g4xx_hal_uart.c.obj
 .ARM.attributes
                0x000003a9       0x2e CMakeFiles/FD_CAN_Learn.elf.dir/Drivers/STM32G4xx_HAL_Driver/Src/stm32g4xx_hal_uart_ex.c.obj
 .ARM.attributes
                0x000003d7       0x2e CMakeFiles/FD_CAN_Learn.elf.dir/User/IRQ.c.obj
 .ARM.attributes
                0x00000405       0x2e CMakeFiles/FD_CAN_Learn.elf.dir/User/Init.c.obj
 .ARM.attributes
                0x00000433       0x2e CMakeFiles/FD_CAN_Learn.elf.dir/User/retarget.c.obj
 .ARM.attributes
                0x00000461       0x1e c:/progra~2/gnuarm~1/102021~1.10/bin/../lib/gcc/arm-none-eabi/10.3.1/thumb/v7e-m/nofp\libgcc.a(_aeabi_uldivmod.o)
 .ARM.attributes
                0x0000047f       0x2e c:/progra~2/gnuarm~1/102021~1.10/bin/../lib/gcc/arm-none-eabi/10.3.1/thumb/v7e-m/nofp\libgcc.a(_udivmoddi4.o)
 .ARM.attributes
                0x000004ad       0x1e c:/progra~2/gnuarm~1/102021~1.10/bin/../lib/gcc/arm-none-eabi/10.3.1/thumb/v7e-m/nofp\libgcc.a(_dvmd_tls.o)
 .ARM.attributes
                0x000004cb       0x2e c:/progra~2/gnuarm~1/102021~1.10/bin/../lib/gcc/arm-none-eabi/10.3.1/../../../../arm-none-eabi/lib/thumb/v7e-m/nofp\libg.a(lib_a-errno.o)
 .ARM.attributes
                0x000004f9       0x2e c:/progra~2/gnuarm~1/102021~1.10/bin/../lib/gcc/arm-none-eabi/10.3.1/../../../../arm-none-eabi/lib/thumb/v7e-m/nofp\libg.a(lib_a-impure.o)
 .ARM.attributes
                0x00000527       0x2e c:/progra~2/gnuarm~1/102021~1.10/bin/../lib/gcc/arm-none-eabi/10.3.1/../../../../arm-none-eabi/lib/thumb/v7e-m/nofp\libg.a(lib_a-init.o)
 .ARM.attributes
                0x00000555       0x2e c:/progra~2/gnuarm~1/102021~1.10/bin/../lib/gcc/arm-none-eabi/10.3.1/../../../../arm-none-eabi/lib/thumb/v7e-m/nofp\libg.a(lib_a-memset.o)
 .ARM.attributes
                0x00000583       0x2e c:/progra~2/gnuarm~1/102021~1.10/bin/../lib/gcc/arm-none-eabi/10.3.1/../../../../arm-none-eabi/lib/thumb/v7e-m/nofp\libg.a(lib_a-printf.o)
 .ARM.attributes
                0x000005b1       0x2e c:/progra~2/gnuarm~1/102021~1.10/bin/../lib/gcc/arm-none-eabi/10.3.1/../../../../arm-none-eabi/lib/thumb/v7e-m/nofp\libg.a(lib_a-setvbuf.o)
 .ARM.attributes
                0x000005df       0x2e c:/progra~2/gnuarm~1/102021~1.10/bin/../lib/gcc/arm-none-eabi/10.3.1/../../../../arm-none-eabi/lib/thumb/v7e-m/nofp\libg.a(lib_a-vfprintf.o)
 .ARM.attributes
                0x0000060d       0x2e c:/progra~2/gnuarm~1/102021~1.10/bin/../lib/gcc/arm-none-eabi/10.3.1/../../../../arm-none-eabi/lib/thumb/v7e-m/nofp\libg.a(lib_a-wsetup.o)
 .ARM.attributes
                0x0000063b       0x2e c:/progra~2/gnuarm~1/102021~1.10/bin/../lib/gcc/arm-none-eabi/10.3.1/../../../../arm-none-eabi/lib/thumb/v7e-m/nofp\libg.a(lib_a-dtoa.o)
 .ARM.attributes
                0x00000669       0x2e c:/progra~2/gnuarm~1/102021~1.10/bin/../lib/gcc/arm-none-eabi/10.3.1/../../../../arm-none-eabi/lib/thumb/v7e-m/nofp\libg.a(lib_a-fflush.o)
 .ARM.attributes
                0x00000697       0x2e c:/progra~2/gnuarm~1/102021~1.10/bin/../lib/gcc/arm-none-eabi/10.3.1/../../../../arm-none-eabi/lib/thumb/v7e-m/nofp\libg.a(lib_a-findfp.o)
 .ARM.attributes
                0x000006c5       0x2e c:/progra~2/gnuarm~1/102021~1.10/bin/../lib/gcc/arm-none-eabi/10.3.1/../../../../arm-none-eabi/lib/thumb/v7e-m/nofp\libg.a(lib_a-freer.o)
 .ARM.attributes
                0x000006f3       0x2e c:/progra~2/gnuarm~1/102021~1.10/bin/../lib/gcc/arm-none-eabi/10.3.1/../../../../arm-none-eabi/lib/thumb/v7e-m/nofp\libg.a(lib_a-fwalk.o)
 .ARM.attributes
                0x00000721       0x2e c:/progra~2/gnuarm~1/102021~1.10/bin/../lib/gcc/arm-none-eabi/10.3.1/../../../../arm-none-eabi/lib/thumb/v7e-m/nofp\libg.a(lib_a-localeconv.o)
 .ARM.attributes
                0x0000074f       0x2e c:/progra~2/gnuarm~1/102021~1.10/bin/../lib/gcc/arm-none-eabi/10.3.1/../../../../arm-none-eabi/lib/thumb/v7e-m/nofp\libg.a(lib_a-lock.o)
 .ARM.attributes
                0x0000077d       0x2e c:/progra~2/gnuarm~1/102021~1.10/bin/../lib/gcc/arm-none-eabi/10.3.1/../../../../arm-none-eabi/lib/thumb/v7e-m/nofp\libg.a(lib_a-makebuf.o)
 .ARM.attributes
                0x000007ab       0x2e c:/progra~2/gnuarm~1/102021~1.10/bin/../lib/gcc/arm-none-eabi/10.3.1/../../../../arm-none-eabi/lib/thumb/v7e-m/nofp\libg.a(lib_a-malloc.o)
 .ARM.attributes
                0x000007d9       0x2e c:/progra~2/gnuarm~1/102021~1.10/bin/../lib/gcc/arm-none-eabi/10.3.1/../../../../arm-none-eabi/lib/thumb/v7e-m/nofp\libg.a(lib_a-mallocr.o)
 .ARM.attributes
                0x00000807       0x1c c:/progra~2/gnuarm~1/102021~1.10/bin/../lib/gcc/arm-none-eabi/10.3.1/../../../../arm-none-eabi/lib/thumb/v7e-m/nofp\libg.a(lib_a-memchr.o)
 .ARM.attributes
                0x00000823       0x1c c:/progra~2/gnuarm~1/102021~1.10/bin/../lib/gcc/arm-none-eabi/10.3.1/../../../../arm-none-eabi/lib/thumb/v7e-m/nofp\libg.a(lib_a-memcpy.o)
 .ARM.attributes
                0x0000083f       0x2e c:/progra~2/gnuarm~1/102021~1.10/bin/../lib/gcc/arm-none-eabi/10.3.1/../../../../arm-none-eabi/lib/thumb/v7e-m/nofp\libg.a(lib_a-mlock.o)
 .ARM.attributes
                0x0000086d       0x2e c:/progra~2/gnuarm~1/102021~1.10/bin/../lib/gcc/arm-none-eabi/10.3.1/../../../../arm-none-eabi/lib/thumb/v7e-m/nofp\libg.a(lib_a-mprec.o)
 .ARM.attributes
                0x0000089b       0x2e c:/progra~2/gnuarm~1/102021~1.10/bin/../lib/gcc/arm-none-eabi/10.3.1/../../../../arm-none-eabi/lib/thumb/v7e-m/nofp\libg.a(lib_a-s_frexp.o)
 .ARM.attributes
                0x000008c9       0x2e c:/progra~2/gnuarm~1/102021~1.10/bin/../lib/gcc/arm-none-eabi/10.3.1/../../../../arm-none-eabi/lib/thumb/v7e-m/nofp\libg.a(lib_a-sbrkr.o)
 .ARM.attributes
                0x000008f7       0x2e c:/progra~2/gnuarm~1/102021~1.10/bin/../lib/gcc/arm-none-eabi/10.3.1/../../../../arm-none-eabi/lib/thumb/v7e-m/nofp\libg.a(lib_a-stdio.o)
 .ARM.attributes
                0x00000925       0x1c c:/progra~2/gnuarm~1/102021~1.10/bin/../lib/gcc/arm-none-eabi/10.3.1/../../../../arm-none-eabi/lib/thumb/v7e-m/nofp\libg.a(lib_a-strlen.o)
 .ARM.attributes
                0x00000941       0x2e c:/progra~2/gnuarm~1/102021~1.10/bin/../lib/gcc/arm-none-eabi/10.3.1/../../../../arm-none-eabi/lib/thumb/v7e-m/nofp\libg.a(lib_a-strncpy.o)
 .ARM.attributes
                0x0000096f       0x2e c:/progra~2/gnuarm~1/102021~1.10/bin/../lib/gcc/arm-none-eabi/10.3.1/../../../../arm-none-eabi/lib/thumb/v7e-m/nofp\libg.a(lib_a-vfiprintf.o)
 .ARM.attributes
                0x0000099d       0x2e c:/progra~2/gnuarm~1/102021~1.10/bin/../lib/gcc/arm-none-eabi/10.3.1/../../../../arm-none-eabi/lib/thumb/v7e-m/nofp\libg.a(lib_a-writer.o)
 .ARM.attributes
                0x000009cb       0x2e c:/progra~2/gnuarm~1/102021~1.10/bin/../lib/gcc/arm-none-eabi/10.3.1/../../../../arm-none-eabi/lib/thumb/v7e-m/nofp\libg.a(lib_a-assert.o)
 .ARM.attributes
                0x000009f9       0x2e c:/progra~2/gnuarm~1/102021~1.10/bin/../lib/gcc/arm-none-eabi/10.3.1/../../../../arm-none-eabi/lib/thumb/v7e-m/nofp\libg.a(lib_a-callocr.o)
 .ARM.attributes
                0x00000a27       0x2e c:/progra~2/gnuarm~1/102021~1.10/bin/../lib/gcc/arm-none-eabi/10.3.1/../../../../arm-none-eabi/lib/thumb/v7e-m/nofp\libg.a(lib_a-closer.o)
 .ARM.attributes
                0x00000a55       0x2e c:/progra~2/gnuarm~1/102021~1.10/bin/../lib/gcc/arm-none-eabi/10.3.1/../../../../arm-none-eabi/lib/thumb/v7e-m/nofp\libg.a(lib_a-fclose.o)
 .ARM.attributes
                0x00000a83       0x2e c:/progra~2/gnuarm~1/102021~1.10/bin/../lib/gcc/arm-none-eabi/10.3.1/../../../../arm-none-eabi/lib/thumb/v7e-m/nofp\libg.a(lib_a-fiprintf.o)
 .ARM.attributes
                0x00000ab1       0x2e c:/progra~2/gnuarm~1/102021~1.10/bin/../lib/gcc/arm-none-eabi/10.3.1/../../../../arm-none-eabi/lib/thumb/v7e-m/nofp\libg.a(lib_a-fputwc.o)
 .ARM.attributes
                0x00000adf       0x2e c:/progra~2/gnuarm~1/102021~1.10/bin/../lib/gcc/arm-none-eabi/10.3.1/../../../../arm-none-eabi/lib/thumb/v7e-m/nofp\libg.a(lib_a-fstatr.o)
 .ARM.attributes
                0x00000b0d       0x2e c:/progra~2/gnuarm~1/102021~1.10/bin/../lib/gcc/arm-none-eabi/10.3.1/../../../../arm-none-eabi/lib/thumb/v7e-m/nofp\libg.a(lib_a-fvwrite.o)
 .ARM.attributes
                0x00000b3b       0x2e c:/progra~2/gnuarm~1/102021~1.10/bin/../lib/gcc/arm-none-eabi/10.3.1/../../../../arm-none-eabi/lib/thumb/v7e-m/nofp\libg.a(lib_a-isattyr.o)
 .ARM.attributes
                0x00000b69       0x2e c:/progra~2/gnuarm~1/102021~1.10/bin/../lib/gcc/arm-none-eabi/10.3.1/../../../../arm-none-eabi/lib/thumb/v7e-m/nofp\libg.a(lib_a-locale.o)
 .ARM.attributes
                0x00000b97       0x2e c:/progra~2/gnuarm~1/102021~1.10/bin/../lib/gcc/arm-none-eabi/10.3.1/../../../../arm-none-eabi/lib/thumb/v7e-m/nofp\libg.a(lib_a-lseekr.o)
 .ARM.attributes
                0x00000bc5       0x2e c:/progra~2/gnuarm~1/102021~1.10/bin/../lib/gcc/arm-none-eabi/10.3.1/../../../../arm-none-eabi/lib/thumb/v7e-m/nofp\libg.a(lib_a-mbtowc_r.o)
 .ARM.attributes
                0x00000bf3       0x2e c:/progra~2/gnuarm~1/102021~1.10/bin/../lib/gcc/arm-none-eabi/10.3.1/../../../../arm-none-eabi/lib/thumb/v7e-m/nofp\libg.a(lib_a-memmove.o)
 .ARM.attributes
                0x00000c21       0x2e c:/progra~2/gnuarm~1/102021~1.10/bin/../lib/gcc/arm-none-eabi/10.3.1/../../../../arm-none-eabi/lib/thumb/v7e-m/nofp\libg.a(lib_a-readr.o)
 .ARM.attributes
                0x00000c4f       0x2e c:/progra~2/gnuarm~1/102021~1.10/bin/../lib/gcc/arm-none-eabi/10.3.1/../../../../arm-none-eabi/lib/thumb/v7e-m/nofp\libg.a(lib_a-reallocr.o)
 .ARM.attributes
                0x00000c7d       0x2e c:/progra~2/gnuarm~1/102021~1.10/bin/../lib/gcc/arm-none-eabi/10.3.1/../../../../arm-none-eabi/lib/thumb/v7e-m/nofp\libg.a(lib_a-reent.o)
 .ARM.attributes
                0x00000cab       0x2e c:/progra~2/gnuarm~1/102021~1.10/bin/../lib/gcc/arm-none-eabi/10.3.1/../../../../arm-none-eabi/lib/thumb/v7e-m/nofp\libg.a(lib_a-wbuf.o)
 .ARM.attributes
                0x00000cd9       0x2e c:/progra~2/gnuarm~1/102021~1.10/bin/../lib/gcc/arm-none-eabi/10.3.1/../../../../arm-none-eabi/lib/thumb/v7e-m/nofp\libg.a(lib_a-wcrtomb.o)
 .ARM.attributes
                0x00000d07       0x2e c:/progra~2/gnuarm~1/102021~1.10/bin/../lib/gcc/arm-none-eabi/10.3.1/../../../../arm-none-eabi/lib/thumb/v7e-m/nofp\libg.a(lib_a-wctomb_r.o)
 .ARM.attributes
                0x00000d35       0x2e c:/progra~2/gnuarm~1/102021~1.10/bin/../lib/gcc/arm-none-eabi/10.3.1/../../../../arm-none-eabi/lib/thumb/v7e-m/nofp\libg.a(lib_a-abort.o)
 .ARM.attributes
                0x00000d63       0x2e c:/progra~2/gnuarm~1/102021~1.10/bin/../lib/gcc/arm-none-eabi/10.3.1/../../../../arm-none-eabi/lib/thumb/v7e-m/nofp\libg.a(lib_a-ctype_.o)
 .ARM.attributes
                0x00000d91       0x2e c:/progra~2/gnuarm~1/102021~1.10/bin/../lib/gcc/arm-none-eabi/10.3.1/../../../../arm-none-eabi/lib/thumb/v7e-m/nofp\libg.a(lib_a-signal.o)
 .ARM.attributes
                0x00000dbf       0x2e c:/progra~2/gnuarm~1/102021~1.10/bin/../lib/gcc/arm-none-eabi/10.3.1/../../../../arm-none-eabi/lib/thumb/v7e-m/nofp\libg.a(lib_a-signalr.o)
 .ARM.attributes
                0x00000ded       0x1e c:/progra~2/gnuarm~1/102021~1.10/bin/../lib/gcc/arm-none-eabi/10.3.1/thumb/v7e-m/nofp\libgcc.a(_arm_addsubdf3.o)
 .ARM.attributes
                0x00000e0b       0x1e c:/progra~2/gnuarm~1/102021~1.10/bin/../lib/gcc/arm-none-eabi/10.3.1/thumb/v7e-m/nofp\libgcc.a(_arm_muldivdf3.o)
 .ARM.attributes
                0x00000e29       0x1e c:/progra~2/gnuarm~1/102021~1.10/bin/../lib/gcc/arm-none-eabi/10.3.1/thumb/v7e-m/nofp\libgcc.a(_arm_cmpdf2.o)
 .ARM.attributes
                0x00000e47       0x1e c:/progra~2/gnuarm~1/102021~1.10/bin/../lib/gcc/arm-none-eabi/10.3.1/thumb/v7e-m/nofp\libgcc.a(_arm_unorddf2.o)
 .ARM.attributes
                0x00000e65       0x1e c:/progra~2/gnuarm~1/102021~1.10/bin/../lib/gcc/arm-none-eabi/10.3.1/thumb/v7e-m/nofp\libgcc.a(_arm_fixdfsi.o)
 .ARM.attributes
                0x00000e83       0x1e c:/progra~2/gnuarm~1/102021~1.10/bin/../lib/gcc/arm-none-eabi/10.3.1/thumb/v7e-m/nofp/crtn.o
OUTPUT(FD_CAN_Learn.elf elf32-littlearm)
LOAD linker stubs
LOAD c:/progra~2/gnuarm~1/102021~1.10/bin/../lib/gcc/arm-none-eabi/10.3.1/../../../../arm-none-eabi/lib/thumb/v7e-m/nofp\libc.a
LOAD c:/progra~2/gnuarm~1/102021~1.10/bin/../lib/gcc/arm-none-eabi/10.3.1/../../../../arm-none-eabi/lib/thumb/v7e-m/nofp\libm.a
LOAD c:/progra~2/gnuarm~1/102021~1.10/bin/../lib/gcc/arm-none-eabi/10.3.1/thumb/v7e-m/nofp\libgcc.a

.debug_info     0x00000000    0x16b3c
 .debug_info    0x00000000      0x93b CMakeFiles/FD_CAN_Learn.elf.dir/BSP/my_fdcan.c.obj
 .debug_info    0x0000093b      0xf61 CMakeFiles/FD_CAN_Learn.elf.dir/Core/Src/fdcan.c.obj
 .debug_info    0x0000189c      0x33d CMakeFiles/FD_CAN_Learn.elf.dir/Core/Src/gpio.c.obj
 .debug_info    0x00001bd9      0x926 CMakeFiles/FD_CAN_Learn.elf.dir/Core/Src/main.c.obj
 .debug_info    0x000024ff      0x33e CMakeFiles/FD_CAN_Learn.elf.dir/Core/Src/stm32g4xx_hal_msp.c.obj
 .debug_info    0x0000283d      0xdbd CMakeFiles/FD_CAN_Learn.elf.dir/Core/Src/stm32g4xx_it.c.obj
 .debug_info    0x000035fa      0x6ca CMakeFiles/FD_CAN_Learn.elf.dir/Core/Src/syscalls.c.obj
 .debug_info    0x00003cc4      0x174 CMakeFiles/FD_CAN_Learn.elf.dir/Core/Src/sysmem.c.obj
 .debug_info    0x00003e38      0x3f9 CMakeFiles/FD_CAN_Learn.elf.dir/Core/Src/system_stm32g4xx.c.obj
 .debug_info    0x00004231     0x11bd CMakeFiles/FD_CAN_Learn.elf.dir/Core/Src/usart.c.obj
 .debug_info    0x000053ee       0x22 CMakeFiles/FD_CAN_Learn.elf.dir/Core/Startup/startup_stm32g474vetx.s.obj
 .debug_info    0x00005410      0xc72 CMakeFiles/FD_CAN_Learn.elf.dir/Drivers/STM32G4xx_HAL_Driver/Src/stm32g4xx_hal.c.obj
 .debug_info    0x00006082     0x1149 CMakeFiles/FD_CAN_Learn.elf.dir/Drivers/STM32G4xx_HAL_Driver/Src/stm32g4xx_hal_cortex.c.obj
 .debug_info    0x000071cb      0xa56 CMakeFiles/FD_CAN_Learn.elf.dir/Drivers/STM32G4xx_HAL_Driver/Src/stm32g4xx_hal_dma.c.obj
 .debug_info    0x00007c21     0x1d72 CMakeFiles/FD_CAN_Learn.elf.dir/Drivers/STM32G4xx_HAL_Driver/Src/stm32g4xx_hal_fdcan.c.obj
 .debug_info    0x00009993      0x865 CMakeFiles/FD_CAN_Learn.elf.dir/Drivers/STM32G4xx_HAL_Driver/Src/stm32g4xx_hal_gpio.c.obj
 .debug_info    0x0000a1f8      0xa07 CMakeFiles/FD_CAN_Learn.elf.dir/Drivers/STM32G4xx_HAL_Driver/Src/stm32g4xx_hal_pwr_ex.c.obj
 .debug_info    0x0000abff      0xefa CMakeFiles/FD_CAN_Learn.elf.dir/Drivers/STM32G4xx_HAL_Driver/Src/stm32g4xx_hal_rcc.c.obj
 .debug_info    0x0000baf9      0xf39 CMakeFiles/FD_CAN_Learn.elf.dir/Drivers/STM32G4xx_HAL_Driver/Src/stm32g4xx_hal_rcc_ex.c.obj
 .debug_info    0x0000ca32     0x6418 CMakeFiles/FD_CAN_Learn.elf.dir/Drivers/STM32G4xx_HAL_Driver/Src/stm32g4xx_hal_uart.c.obj
 .debug_info    0x00012e4a     0x1281 CMakeFiles/FD_CAN_Learn.elf.dir/Drivers/STM32G4xx_HAL_Driver/Src/stm32g4xx_hal_uart_ex.c.obj
 .debug_info    0x000140cb      0x785 CMakeFiles/FD_CAN_Learn.elf.dir/User/IRQ.c.obj
 .debug_info    0x00014850      0xd64 CMakeFiles/FD_CAN_Learn.elf.dir/User/Init.c.obj
 .debug_info    0x000155b4     0x1588 CMakeFiles/FD_CAN_Learn.elf.dir/User/retarget.c.obj

.debug_abbrev   0x00000000     0x2ba2
 .debug_abbrev  0x00000000      0x174 CMakeFiles/FD_CAN_Learn.elf.dir/BSP/my_fdcan.c.obj
 .debug_abbrev  0x00000174      0x1c5 CMakeFiles/FD_CAN_Learn.elf.dir/Core/Src/fdcan.c.obj
 .debug_abbrev  0x00000339       0xbf CMakeFiles/FD_CAN_Learn.elf.dir/Core/Src/gpio.c.obj
 .debug_abbrev  0x000003f8      0x1d3 CMakeFiles/FD_CAN_Learn.elf.dir/Core/Src/main.c.obj
 .debug_abbrev  0x000005cb       0xd6 CMakeFiles/FD_CAN_Learn.elf.dir/Core/Src/stm32g4xx_hal_msp.c.obj
 .debug_abbrev  0x000006a1      0x16d CMakeFiles/FD_CAN_Learn.elf.dir/Core/Src/stm32g4xx_it.c.obj
 .debug_abbrev  0x0000080e      0x1a3 CMakeFiles/FD_CAN_Learn.elf.dir/Core/Src/syscalls.c.obj
 .debug_abbrev  0x000009b1       0xe7 CMakeFiles/FD_CAN_Learn.elf.dir/Core/Src/sysmem.c.obj
 .debug_abbrev  0x00000a98      0x119 CMakeFiles/FD_CAN_Learn.elf.dir/Core/Src/system_stm32g4xx.c.obj
 .debug_abbrev  0x00000bb1      0x1f4 CMakeFiles/FD_CAN_Learn.elf.dir/Core/Src/usart.c.obj
 .debug_abbrev  0x00000da5       0x12 CMakeFiles/FD_CAN_Learn.elf.dir/Core/Startup/startup_stm32g474vetx.s.obj
 .debug_abbrev  0x00000db7      0x23e CMakeFiles/FD_CAN_Learn.elf.dir/Drivers/STM32G4xx_HAL_Driver/Src/stm32g4xx_hal.c.obj
 .debug_abbrev  0x00000ff5      0x361 CMakeFiles/FD_CAN_Learn.elf.dir/Drivers/STM32G4xx_HAL_Driver/Src/stm32g4xx_hal_cortex.c.obj
 .debug_abbrev  0x00001356      0x216 CMakeFiles/FD_CAN_Learn.elf.dir/Drivers/STM32G4xx_HAL_Driver/Src/stm32g4xx_hal_dma.c.obj
 .debug_abbrev  0x0000156c      0x1c7 CMakeFiles/FD_CAN_Learn.elf.dir/Drivers/STM32G4xx_HAL_Driver/Src/stm32g4xx_hal_fdcan.c.obj
 .debug_abbrev  0x00001733      0x1e6 CMakeFiles/FD_CAN_Learn.elf.dir/Drivers/STM32G4xx_HAL_Driver/Src/stm32g4xx_hal_gpio.c.obj
 .debug_abbrev  0x00001919      0x245 CMakeFiles/FD_CAN_Learn.elf.dir/Drivers/STM32G4xx_HAL_Driver/Src/stm32g4xx_hal_pwr_ex.c.obj
 .debug_abbrev  0x00001b5e      0x26f CMakeFiles/FD_CAN_Learn.elf.dir/Drivers/STM32G4xx_HAL_Driver/Src/stm32g4xx_hal_rcc.c.obj
 .debug_abbrev  0x00001dcd      0x243 CMakeFiles/FD_CAN_Learn.elf.dir/Drivers/STM32G4xx_HAL_Driver/Src/stm32g4xx_hal_rcc_ex.c.obj
 .debug_abbrev  0x00002010      0x306 CMakeFiles/FD_CAN_Learn.elf.dir/Drivers/STM32G4xx_HAL_Driver/Src/stm32g4xx_hal_uart.c.obj
 .debug_abbrev  0x00002316      0x2f0 CMakeFiles/FD_CAN_Learn.elf.dir/Drivers/STM32G4xx_HAL_Driver/Src/stm32g4xx_hal_uart_ex.c.obj
 .debug_abbrev  0x00002606      0x16b CMakeFiles/FD_CAN_Learn.elf.dir/User/IRQ.c.obj
 .debug_abbrev  0x00002771      0x17d CMakeFiles/FD_CAN_Learn.elf.dir/User/Init.c.obj
 .debug_abbrev  0x000028ee      0x2b4 CMakeFiles/FD_CAN_Learn.elf.dir/User/retarget.c.obj

.debug_loc      0x00000000     0xc7e4
 .debug_loc     0x00000000      0x2a1 CMakeFiles/FD_CAN_Learn.elf.dir/BSP/my_fdcan.c.obj
 .debug_loc     0x000002a1       0x9e CMakeFiles/FD_CAN_Learn.elf.dir/Core/Src/fdcan.c.obj
 .debug_loc     0x0000033f      0x331 CMakeFiles/FD_CAN_Learn.elf.dir/Core/Src/syscalls.c.obj
 .debug_loc     0x00000670       0x64 CMakeFiles/FD_CAN_Learn.elf.dir/Core/Src/sysmem.c.obj
 .debug_loc     0x000006d4       0x9d CMakeFiles/FD_CAN_Learn.elf.dir/Core/Src/system_stm32g4xx.c.obj
 .debug_loc     0x00000771       0x9e CMakeFiles/FD_CAN_Learn.elf.dir/Core/Src/usart.c.obj
 .debug_loc     0x0000080f      0x1ef CMakeFiles/FD_CAN_Learn.elf.dir/Drivers/STM32G4xx_HAL_Driver/Src/stm32g4xx_hal.c.obj
 .debug_loc     0x000009fe      0x736 CMakeFiles/FD_CAN_Learn.elf.dir/Drivers/STM32G4xx_HAL_Driver/Src/stm32g4xx_hal_cortex.c.obj
 .debug_loc     0x00001134      0x8a0 CMakeFiles/FD_CAN_Learn.elf.dir/Drivers/STM32G4xx_HAL_Driver/Src/stm32g4xx_hal_dma.c.obj
 .debug_loc     0x000019d4     0x16a0 CMakeFiles/FD_CAN_Learn.elf.dir/Drivers/STM32G4xx_HAL_Driver/Src/stm32g4xx_hal_fdcan.c.obj
 .debug_loc     0x00003074      0x3b3 CMakeFiles/FD_CAN_Learn.elf.dir/Drivers/STM32G4xx_HAL_Driver/Src/stm32g4xx_hal_gpio.c.obj
 .debug_loc     0x00003427      0xa23 CMakeFiles/FD_CAN_Learn.elf.dir/Drivers/STM32G4xx_HAL_Driver/Src/stm32g4xx_hal_pwr_ex.c.obj
 .debug_loc     0x00003e4a      0x84d CMakeFiles/FD_CAN_Learn.elf.dir/Drivers/STM32G4xx_HAL_Driver/Src/stm32g4xx_hal_rcc.c.obj
 .debug_loc     0x00004697     0x1523 CMakeFiles/FD_CAN_Learn.elf.dir/Drivers/STM32G4xx_HAL_Driver/Src/stm32g4xx_hal_rcc_ex.c.obj
 .debug_loc     0x00005bba     0x5bd3 CMakeFiles/FD_CAN_Learn.elf.dir/Drivers/STM32G4xx_HAL_Driver/Src/stm32g4xx_hal_uart.c.obj
 .debug_loc     0x0000b78d      0xc3a CMakeFiles/FD_CAN_Learn.elf.dir/Drivers/STM32G4xx_HAL_Driver/Src/stm32g4xx_hal_uart_ex.c.obj
 .debug_loc     0x0000c3c7       0x94 CMakeFiles/FD_CAN_Learn.elf.dir/User/IRQ.c.obj
 .debug_loc     0x0000c45b      0x389 CMakeFiles/FD_CAN_Learn.elf.dir/User/retarget.c.obj

.debug_aranges  0x00000000      0xd78
 .debug_aranges
                0x00000000       0x38 CMakeFiles/FD_CAN_Learn.elf.dir/BSP/my_fdcan.c.obj
 .debug_aranges
                0x00000038       0x30 CMakeFiles/FD_CAN_Learn.elf.dir/Core/Src/fdcan.c.obj
 .debug_aranges
                0x00000068       0x20 CMakeFiles/FD_CAN_Learn.elf.dir/Core/Src/gpio.c.obj
 .debug_aranges
                0x00000088       0x30 CMakeFiles/FD_CAN_Learn.elf.dir/Core/Src/main.c.obj
 .debug_aranges
                0x000000b8       0x20 CMakeFiles/FD_CAN_Learn.elf.dir/Core/Src/stm32g4xx_hal_msp.c.obj
 .debug_aranges
                0x000000d8       0x78 CMakeFiles/FD_CAN_Learn.elf.dir/Core/Src/stm32g4xx_it.c.obj
 .debug_aranges
                0x00000150       0x88 CMakeFiles/FD_CAN_Learn.elf.dir/Core/Src/syscalls.c.obj
 .debug_aranges
                0x000001d8       0x20 CMakeFiles/FD_CAN_Learn.elf.dir/Core/Src/sysmem.c.obj
 .debug_aranges
                0x000001f8       0x28 CMakeFiles/FD_CAN_Learn.elf.dir/Core/Src/system_stm32g4xx.c.obj
 .debug_aranges
                0x00000220       0x30 CMakeFiles/FD_CAN_Learn.elf.dir/Core/Src/usart.c.obj
 .debug_aranges
                0x00000250       0x28 CMakeFiles/FD_CAN_Learn.elf.dir/Core/Startup/startup_stm32g474vetx.s.obj
 .debug_aranges
                0x00000278      0x148 CMakeFiles/FD_CAN_Learn.elf.dir/Drivers/STM32G4xx_HAL_Driver/Src/stm32g4xx_hal.c.obj
 .debug_aranges
                0x000003c0       0xb8 CMakeFiles/FD_CAN_Learn.elf.dir/Drivers/STM32G4xx_HAL_Driver/Src/stm32g4xx_hal_cortex.c.obj
 .debug_aranges
                0x00000478       0x90 CMakeFiles/FD_CAN_Learn.elf.dir/Drivers/STM32G4xx_HAL_Driver/Src/stm32g4xx_hal_dma.c.obj
 .debug_aranges
                0x00000508      0x208 CMakeFiles/FD_CAN_Learn.elf.dir/Drivers/STM32G4xx_HAL_Driver/Src/stm32g4xx_hal_fdcan.c.obj
 .debug_aranges
                0x00000710       0x58 CMakeFiles/FD_CAN_Learn.elf.dir/Drivers/STM32G4xx_HAL_Driver/Src/stm32g4xx_hal_gpio.c.obj
 .debug_aranges
                0x00000768      0x140 CMakeFiles/FD_CAN_Learn.elf.dir/Drivers/STM32G4xx_HAL_Driver/Src/stm32g4xx_hal_pwr_ex.c.obj
 .debug_aranges
                0x000008a8       0x98 CMakeFiles/FD_CAN_Learn.elf.dir/Drivers/STM32G4xx_HAL_Driver/Src/stm32g4xx_hal_rcc.c.obj
 .debug_aranges
                0x00000940       0xb0 CMakeFiles/FD_CAN_Learn.elf.dir/Drivers/STM32G4xx_HAL_Driver/Src/stm32g4xx_hal_rcc_ex.c.obj
 .debug_aranges
                0x000009f0      0x248 CMakeFiles/FD_CAN_Learn.elf.dir/Drivers/STM32G4xx_HAL_Driver/Src/stm32g4xx_hal_uart.c.obj
 .debug_aranges
                0x00000c38       0xa8 CMakeFiles/FD_CAN_Learn.elf.dir/Drivers/STM32G4xx_HAL_Driver/Src/stm32g4xx_hal_uart_ex.c.obj
 .debug_aranges
                0x00000ce0       0x28 CMakeFiles/FD_CAN_Learn.elf.dir/User/IRQ.c.obj
 .debug_aranges
                0x00000d08       0x20 CMakeFiles/FD_CAN_Learn.elf.dir/User/Init.c.obj
 .debug_aranges
                0x00000d28       0x50 CMakeFiles/FD_CAN_Learn.elf.dir/User/retarget.c.obj

.debug_ranges   0x00000000      0xca8
 .debug_ranges  0x00000000       0x28 CMakeFiles/FD_CAN_Learn.elf.dir/BSP/my_fdcan.c.obj
 .debug_ranges  0x00000028       0x20 CMakeFiles/FD_CAN_Learn.elf.dir/Core/Src/fdcan.c.obj
 .debug_ranges  0x00000048       0x10 CMakeFiles/FD_CAN_Learn.elf.dir/Core/Src/gpio.c.obj
 .debug_ranges  0x00000058       0x20 CMakeFiles/FD_CAN_Learn.elf.dir/Core/Src/main.c.obj
 .debug_ranges  0x00000078       0x10 CMakeFiles/FD_CAN_Learn.elf.dir/Core/Src/stm32g4xx_hal_msp.c.obj
 .debug_ranges  0x00000088       0x68 CMakeFiles/FD_CAN_Learn.elf.dir/Core/Src/stm32g4xx_it.c.obj
 .debug_ranges  0x000000f0       0x78 CMakeFiles/FD_CAN_Learn.elf.dir/Core/Src/syscalls.c.obj
 .debug_ranges  0x00000168       0x10 CMakeFiles/FD_CAN_Learn.elf.dir/Core/Src/sysmem.c.obj
 .debug_ranges  0x00000178       0x18 CMakeFiles/FD_CAN_Learn.elf.dir/Core/Src/system_stm32g4xx.c.obj